Archive member included to satisfy reference by file (symbol)

c:/program files (x86)/atmel/studio/7.0/toolchain/arm/arm-gnu-toolchain/bin/../lib/gcc/arm-none-eabi/6.3.1/thumb/v6-m\libgcc.a(_udivsi3.o)
                              main.o (__aeabi_uidiv)
c:/program files (x86)/atmel/studio/7.0/toolchain/arm/arm-gnu-toolchain/bin/../lib/gcc/arm-none-eabi/6.3.1/thumb/v6-m\libgcc.a(_dvmd_tls.o)
                              c:/program files (x86)/atmel/studio/7.0/toolchain/arm/arm-gnu-toolchain/bin/../lib/gcc/arm-none-eabi/6.3.1/thumb/v6-m\libgcc.a(_udivsi3.o) (__aeabi_idiv0)
c:/program files (x86)/atmel/studio/7.0/toolchain/arm/arm-gnu-toolchain/bin/../lib/gcc/arm-none-eabi/6.3.1/thumb/v6-m\libgcc.a(_fixunsdfsi.o)
                              main.o (__aeabi_d2uiz)
c:/program files (x86)/atmel/studio/7.0/toolchain/arm/arm-gnu-toolchain/bin/../lib/gcc/arm-none-eabi/6.3.1/thumb/v6-m\libgcc.a(adddf3.o)
                              main.o (__aeabi_dadd)
c:/program files (x86)/atmel/studio/7.0/toolchain/arm/arm-gnu-toolchain/bin/../lib/gcc/arm-none-eabi/6.3.1/thumb/v6-m\libgcc.a(muldf3.o)
                              main.o (__aeabi_dmul)
c:/program files (x86)/atmel/studio/7.0/toolchain/arm/arm-gnu-toolchain/bin/../lib/gcc/arm-none-eabi/6.3.1/thumb/v6-m\libgcc.a(subdf3.o)
                              c:/program files (x86)/atmel/studio/7.0/toolchain/arm/arm-gnu-toolchain/bin/../lib/gcc/arm-none-eabi/6.3.1/thumb/v6-m\libgcc.a(_fixunsdfsi.o) (__aeabi_dsub)
c:/program files (x86)/atmel/studio/7.0/toolchain/arm/arm-gnu-toolchain/bin/../lib/gcc/arm-none-eabi/6.3.1/thumb/v6-m\libgcc.a(fixdfsi.o)
                              c:/program files (x86)/atmel/studio/7.0/toolchain/arm/arm-gnu-toolchain/bin/../lib/gcc/arm-none-eabi/6.3.1/thumb/v6-m\libgcc.a(_fixunsdfsi.o) (__aeabi_d2iz)
c:/program files (x86)/atmel/studio/7.0/toolchain/arm/arm-gnu-toolchain/bin/../lib/gcc/arm-none-eabi/6.3.1/thumb/v6-m\libgcc.a(floatunsidf.o)
                              main.o (__aeabi_ui2d)
c:/program files (x86)/atmel/studio/7.0/toolchain/arm/arm-gnu-toolchain/bin/../lib/gcc/arm-none-eabi/6.3.1/thumb/v6-m\libgcc.a(_arm_cmpdf2.o)
                              c:/program files (x86)/atmel/studio/7.0/toolchain/arm/arm-gnu-toolchain/bin/../lib/gcc/arm-none-eabi/6.3.1/thumb/v6-m\libgcc.a(_fixunsdfsi.o) (__aeabi_dcmpge)
c:/program files (x86)/atmel/studio/7.0/toolchain/arm/arm-gnu-toolchain/bin/../lib/gcc/arm-none-eabi/6.3.1/thumb/v6-m\libgcc.a(_clzsi2.o)
                              c:/program files (x86)/atmel/studio/7.0/toolchain/arm/arm-gnu-toolchain/bin/../lib/gcc/arm-none-eabi/6.3.1/thumb/v6-m\libgcc.a(adddf3.o) (__clzsi2)
c:/program files (x86)/atmel/studio/7.0/toolchain/arm/arm-gnu-toolchain/bin/../lib/gcc/arm-none-eabi/6.3.1/thumb/v6-m\libgcc.a(eqdf2.o)
                              c:/program files (x86)/atmel/studio/7.0/toolchain/arm/arm-gnu-toolchain/bin/../lib/gcc/arm-none-eabi/6.3.1/thumb/v6-m\libgcc.a(_arm_cmpdf2.o) (__eqdf2)
c:/program files (x86)/atmel/studio/7.0/toolchain/arm/arm-gnu-toolchain/bin/../lib/gcc/arm-none-eabi/6.3.1/thumb/v6-m\libgcc.a(gedf2.o)
                              c:/program files (x86)/atmel/studio/7.0/toolchain/arm/arm-gnu-toolchain/bin/../lib/gcc/arm-none-eabi/6.3.1/thumb/v6-m\libgcc.a(_arm_cmpdf2.o) (__gedf2)
c:/program files (x86)/atmel/studio/7.0/toolchain/arm/arm-gnu-toolchain/bin/../lib/gcc/arm-none-eabi/6.3.1/thumb/v6-m\libgcc.a(ledf2.o)
                              c:/program files (x86)/atmel/studio/7.0/toolchain/arm/arm-gnu-toolchain/bin/../lib/gcc/arm-none-eabi/6.3.1/thumb/v6-m\libgcc.a(_arm_cmpdf2.o) (__ledf2)
c:/program files (x86)/atmel/studio/7.0/toolchain/arm/arm-gnu-toolchain/bin/../lib/gcc/arm-none-eabi/6.3.1/../../../../arm-none-eabi/lib/thumb/v6-m\libc.a(lib_a-exit.o)
                              c:/program files (x86)/atmel/studio/7.0/toolchain/arm/arm-gnu-toolchain/bin/../lib/gcc/arm-none-eabi/6.3.1/../../../../arm-none-eabi/lib/thumb/v6-m/crt0.o (exit)
c:/program files (x86)/atmel/studio/7.0/toolchain/arm/arm-gnu-toolchain/bin/../lib/gcc/arm-none-eabi/6.3.1/../../../../arm-none-eabi/lib/thumb/v6-m\libc.a(lib_a-impure.o)
                              c:/program files (x86)/atmel/studio/7.0/toolchain/arm/arm-gnu-toolchain/bin/../lib/gcc/arm-none-eabi/6.3.1/../../../../arm-none-eabi/lib/thumb/v6-m\libc.a(lib_a-exit.o) (_global_impure_ptr)
c:/program files (x86)/atmel/studio/7.0/toolchain/arm/arm-gnu-toolchain/bin/../lib/gcc/arm-none-eabi/6.3.1/../../../../arm-none-eabi/lib/thumb/v6-m\libc.a(lib_a-init.o)
                              c:/program files (x86)/atmel/studio/7.0/toolchain/arm/arm-gnu-toolchain/bin/../lib/gcc/arm-none-eabi/6.3.1/../../../../arm-none-eabi/lib/thumb/v6-m/crt0.o (__libc_init_array)
c:/program files (x86)/atmel/studio/7.0/toolchain/arm/arm-gnu-toolchain/bin/../lib/gcc/arm-none-eabi/6.3.1/../../../../arm-none-eabi/lib/thumb/v6-m\libc.a(lib_a-memcpy-stub.o)
                              source/queue.o (memcpy)
[...]
Memory Configuration

Name             Origin             Length             Attributes
rom              0x00000000         0x00040000         xr
ram              0x20000000         0x00008000         xrw
*default*        0x00000000         0xffffffff

Linker script and memory map

LOAD c:/program files (x86)/atmel/studio/7.0/toolchain/arm/arm-gnu-toolchain/bin/../lib/gcc/arm-none-eabi/6.3.1/thumb/v6-m/crti.o
LOAD c:/program files (x86)/atmel/studio/7.0/toolchain/arm/arm-gnu-toolchain/bin/../lib/gcc/arm-none-eabi/6.3.1/thumb/v6-m/crtbegin.o
LOAD c:/program files (x86)/atmel/studio/7.0/toolchain/arm/arm-gnu-toolchain/bin/../lib/gcc/arm-none-eabi/6.3.1/../../../../arm-none-eabi/lib/thumb/v6-m/crt0.o
LOAD Device_Startup/startup_samd21.o
LOAD Device_Startup/system_samd21.o
LOAD include/GPIOcontrol_3.o
LOAD main.o
LOAD mcp_can.o
LOAD source/croutine.o
LOAD source/event_groups.o
LOAD source/heap_2.o
LOAD source/list.o
LOAD source/myprintf.o
LOAD source/port.o
LOAD source/queue.o
LOAD source/stream_buffer.o
LOAD source/tasks.o
LOAD source/timers.o
LOAD source/uart.o
LOAD spi.o
START GROUP
LOAD c:/program files (x86)/atmel/studio/7.0/toolchain/arm/arm-gnu-toolchain/bin/../lib/gcc/arm-none-eabi/6.3.1/../../../../arm-none-eabi/lib/thumb/v6-m\libm.a
END GROUP
START GROUP
LOAD c:/program files (x86)/atmel/studio/7.0/toolchain/arm/arm-gnu-toolchain/bin/../lib/gcc/arm-none-eabi/6.3.1/thumb/v6-m\libgcc.a
LOAD c:/program files (x86)/atmel/studio/7.0/toolchain/arm/arm-gnu-toolchain/bin/../lib/gcc/arm-none-eabi/6.3.1/../../../../arm-none-eabi/lib/thumb/v6-m\libc.a
END GROUP
LOAD c:/program files (x86)/atmel/studio/7.0/toolchain/arm/arm-gnu-toolchain/bin/../lib/gcc/arm-none-eabi/6.3.1/thumb/v6-m/crtend.o
LOAD c:/program files (x86)/atmel/studio/7.0/toolchain/arm/arm-gnu-toolchain/bin/../lib/gcc/arm-none-eabi/6.3.1/thumb/v6-m/crtn.o
                0x00002000                STACK_SIZE = DEFINED (STACK_SIZE)?STACK_SIZE:DEFINED (__stack_size__)?__stack_size__:0x2000

.text           0x00000000     0x2a8c
                0x00000000                . = ALIGN (0x4)
                0x00000000                _sfixed = .
 *(.vectors .vectors.*)
 .vectors       0x00000000       0xb4 Device_Startup/startup_samd21.o
                0x00000000                exception_table
 *(.text .text.* .gnu.linkonce.t.*)
 .text          0x000000b4       0x60 c:/program files (x86)/atmel/studio/7.0/toolchain/arm/arm-gnu-toolchain/bin/../lib/gcc/arm-none-eabi/6.3.1/thumb/v6-m/crtbegin.o
 .text.Dummy_Handler
                0x00000114        0x2 Device_Startup/startup_samd21.o
                0x00000114                DMAC_Handler
                0x00000114                HardFault_Handler
                0x00000114                AC_Handler
                0x00000114                NMI_Handler
                0x00000114                SERCOM1_Handler
                0x00000114                ADC_Handler
                0x00000114                TCC1_Handler
                0x00000114                SERCOM2_Handler
                0x00000114                TCC0_Handler
                0x00000114                RTC_Handler
                0x00000114                EIC_Handler
                0x00000114                WDT_Handler
                0x00000114                TC4_Handler
                0x00000114                USB_Handler
                0x00000114                TC3_Handler
                0x00000114                Dummy_Handler
                0x00000114                PM_Handler
                0x00000114                SERCOM5_Handler
                0x00000114                SVC_Handler
                0x00000114                TCC2_Handler
                0x00000114                EVSYS_Handler
                0x00000114                SERCOM3_Handler
                0x00000114                SERCOM4_Handler
                0x00000114                I2S_Handler
                0x00000114                NVMCTRL_Handler
                0x00000114                SERCOM0_Handler
                0x00000114                DAC_Handler
                0x00000114                PTC_Handler
                0x00000114                TC5_Handler
                0x00000114                SYSCTRL_Handler
 *fill*         0x00000116        0x2 
 .text.Reset_Handler
                0x00000118       0xe4 Device_Startup/startup_samd21.o
                0x00000118                Reset_Handler
 .text.SystemInit
                0x000001fc       0x10 Device_Startup/system_samd21.o
                0x000001fc                SystemInit
 .text.InitDigOut
                0x0000020c       0x1c include/GPIOcontrol_3.o
                0x0000020c                InitDigOut
 .text.InitDigIn
                0x00000228       0x20 include/GPIOcontrol_3.o
                0x00000228                InitDigIn
 .text.readDigIn
                0x00000248       0x1c include/GPIOcontrol_3.o
                0x00000248                readDigIn
 .text.initializeTimer
                0x00000264       0x50 main.o
                0x00000264                initializeTimer
 .text.measureAverageDistance
                0x000002b4      0x150 main.o
                0x000002b4                measureAverageDistance
 .text.sendDistanceOverCan
                0x00000404       0x58 main.o
                0x00000404                sendDistanceOverCan
 .text.main     0x0000045c       0x80 main.o
                0x0000045c                main
 .text.mcp2515_reset
                0x000004dc       0x28 mcp_can.o
                0x000004dc                mcp2515_reset
 .text.mcp2515_readRegister
                0x00000504       0x38 mcp_can.o
                0x00000504                mcp2515_readRegister
 .text.mcp2515_setRegister
                0x0000053c       0x34 mcp_can.o
                0x0000053c                mcp2515_setRegister
 .text.mcp2515_setRegisterS
                0x00000570       0x50 mcp_can.o
                0x00000570                mcp2515_setRegisterS
 .text.mcp2515_modifyRegister
                0x000005c0       0x40 mcp_can.o
                0x000005c0                mcp2515_modifyRegister
 .text.mcp2515_setCANCTRL_Mode
                0x00000600       0x2c mcp_can.o
                0x00000600                mcp2515_setCANCTRL_Mode
 .text.mcp2515_configRate
                0x0000062c       0xb0 mcp_can.o
                0x0000062c                mcp2515_configRate
 .text.mcp2515_write_id
                0x000006dc       0x44 mcp_can.o
                0x000006dc                mcp2515_write_id
 .text.mcp2515_write_mf
                0x00000720       0x5c mcp_can.o
                0x00000720                mcp2515_write_mf
 .text.mcp2515_initCANBuffers
                0x0000077c       0x84 mcp_can.o
                0x0000077c                mcp2515_initCANBuffers
 .text.mcp2515_init
                0x00000800       0xa8 mcp_can.o
                0x00000800                mcp2515_init
 .text.mcp2515_write_canMsg
                0x000008a8       0x64 mcp_can.o
                0x000008a8                mcp2515_write_canMsg
 .text.mcp2515_start_transmit
                0x0000090c       0x14 mcp_can.o
                0x0000090c                mcp2515_start_transmit
 .text.mcp2515_getNextFreeTXBuf
                0x00000920       0x54 mcp_can.o
                0x00000920                mcp2515_getNextFreeTXBuf
 .text.init_Filt
                0x00000974       0xb0 mcp_can.o
                0x00000974                init_Filt
 .text.setMsg   0x00000a24       0x30 mcp_can.o
                0x00000a24                setMsg
 .text.sendMsg  0x00000a54       0x70 mcp_can.o
                0x00000a54                sendMsg
 .text.sendMsgBuf
                0x00000ac4       0x14 mcp_can.o
                0x00000ac4                sendMsgBuf
 .text.canBegin
                0x00000ad8       0x1c mcp_can.o
                0x00000ad8                canBegin
 .text.vListInsertEnd
                0x00000af4       0x18 source/list.o
                0x00000af4                vListInsertEnd
 .text.uxListRemove
                0x00000b0c       0x28 source/list.o
                0x00000b0c                uxListRemove
 .text.out      0x00000b34       0x10 source/myprintf.o
 .text.outDgt   0x00000b44       0x2c source/myprintf.o
 .text.divOut   0x00000b70       0x44 source/myprintf.o
 .text.myputchar
                0x00000bb4       0x2c source/myprintf.o
 .text.tfp_printf
                0x00000be0      0x1fc source/myprintf.o
                0x00000be0                tfp_printf
 .text.ulSetInterruptMaskFromISR
                0x00000ddc        0x8 source/port.o
                0x00000ddc                ulSetInterruptMaskFromISR
 .text.vClearInterruptMaskFromISR
                0x00000de4        0x6 source/port.o
                0x00000de4                vClearInterruptMaskFromISR
 *fill*         0x00000dea        0x6 
 .text.PendSV_Handler
                0x00000df0       0x44 source/port.o
                0x00000df0                PendSV_Handler
 .text.SysTick_Handler
                0x00000e34       0x30 source/port.o
                0x00000e34                SysTick_Handler
 .text.prvResetNextTaskUnblockTime
                0x00000e64       0x28 source/tasks.o
 .text.xTaskIncrementTick
                0x00000e8c      0x110 source/tasks.o
                0x00000e8c                xTaskIncrementTick
 .text.vTaskSwitchContext
                0x00000f9c       0x94 source/tasks.o
                0x00000f9c                vTaskSwitchContext
 .text.initUART
                0x00001030       0x9c source/uart.o
                0x00001030                initUART
 .text.initSPI  0x000010cc       0x78 spi.o
                0x000010cc                initSPI
 .text.spiSend  0x00001144       0x28 spi.o
                0x00001144                spiSend
 .text.spiSS    0x0000116c       0x44 spi.o
                0x0000116c                spiSS
 .text.spiSR    0x000011b0       0x38 spi.o
                0x000011b0                spiSR
 .text          0x000011e8      0x114 c:/program files (x86)/atmel/studio/7.0/toolchain/arm/arm-gnu-toolchain/bin/../lib/gcc/arm-none-eabi/6.3.1/thumb/v6-m\libgcc.a(_udivsi3.o)
                0x000011e8                __aeabi_uidiv
                0x000011e8                __udivsi3
                0x000012f4                __aeabi_uidivmod
 .text          0x000012fc        0x4 c:/program files (x86)/atmel/studio/7.0/toolchain/arm/arm-gnu-toolchain/bin/../lib/gcc/arm-none-eabi/6.3.1/thumb/v6-m\libgcc.a(_dvmd_tls.o)
                0x000012fc                __aeabi_idiv0
                0x000012fc                __aeabi_ldiv0
 .text          0x00001300       0x3c c:/program files (x86)/atmel/studio/7.0/toolchain/arm/arm-gnu-toolchain/bin/../lib/gcc/arm-none-eabi/6.3.1/thumb/v6-m\libgcc.a(_fixunsdfsi.o)
                0x00001300                __aeabi_d2uiz
                0x00001300                __fixunsdfsi
 .text          0x0000133c      0x620 c:/program files (x86)/atmel/studio/7.0/toolchain/arm/arm-gnu-toolchain/bin/../lib/gcc/arm-none-eabi/6.3.1/thumb/v6-m\libgcc.a(adddf3.o)
                0x0000133c                __aeabi_dadd
 .text          0x0000195c      0x500 c:/program files (x86)/atmel/studio/7.0/toolchain/arm/arm-gnu-toolchain/bin/../lib/gcc/arm-none-eabi/6.3.1/thumb/v6-m\libgcc.a(muldf3.o)
                0x0000195c                __aeabi_dmul
 .text          0x00001e5c      0x62c c:/program files (x86)/atmel/studio/7.0/toolchain/arm/arm-gnu-toolchain/bin/../lib/gcc/arm-none-eabi/6.3.1/thumb/v6-m\libgcc.a(subdf3.o)
                0x00001e5c                __aeabi_dsub
 .text          0x00002488       0x68 c:/program files (x86)/atmel/studio/7.0/toolchain/arm/arm-gnu-toolchain/bin/../lib/gcc/arm-none-eabi/6.3.1/thumb/v6-m\libgcc.a(fixdfsi.o)
                0x00002488                __aeabi_d2iz
 .text          0x000024f0       0x70 c:/program files (x86)/atmel/studio/7.0/toolchain/arm/arm-gnu-toolchain/bin/../lib/gcc/arm-none-eabi/6.3.1/thumb/v6-m\libgcc.a(floatunsidf.o)
                0x000024f0                __aeabi_ui2d
 .text          0x00002560       0x7c c:/program files (x86)/atmel/studio/7.0/toolchain/arm/arm-gnu-toolchain/bin/../lib/gcc/arm-none-eabi/6.3.1/thumb/v6-m\libgcc.a(_arm_cmpdf2.o)
                0x00002560                __aeabi_cdrcmple
                0x00002570                __aeabi_cdcmple
                0x00002570                __aeabi_cdcmpeq
                0x00002580                __aeabi_dcmpeq
                0x0000258c                __aeabi_dcmplt
                0x000025a0                __aeabi_dcmple
                0x000025b4                __aeabi_dcmpgt
                0x000025c8                __aeabi_dcmpge
 .text          0x000025dc       0x3c c:/program files (x86)/atmel/studio/7.0/toolchain/arm/arm-gnu-toolchain/bin/../lib/gcc/arm-none-eabi/6.3.1/thumb/v6-m\libgcc.a(_clzsi2.o)
                0x000025dc                __clzsi2
 .text          0x00002618       0x74 c:/program files (x86)/atmel/studio/7.0/toolchain/arm/arm-gnu-toolchain/bin/../lib/gcc/arm-none-eabi/6.3.1/thumb/v6-m\libgcc.a(eqdf2.o)
                0x00002618                __nedf2
                0x00002618                __eqdf2
 .text          0x0000268c       0xc8 c:/program files (x86)/atmel/studio/7.0/toolchain/arm/arm-gnu-toolchain/bin/../lib/gcc/arm-none-eabi/6.3.1/thumb/v6-m\libgcc.a(gedf2.o)
                0x0000268c                __gedf2
                0x0000268c                __gtdf2
 .text          0x00002754       0xc4 c:/program files (x86)/atmel/studio/7.0/toolchain/arm/arm-gnu-toolchain/bin/../lib/gcc/arm-none-eabi/6.3.1/thumb/v6-m\libgcc.a(ledf2.o)
                0x00002754                __ledf2
                0x00002754                __ltdf2
 .text.__libc_init_array
                0x00002818       0x48 c:/program files (x86)/atmel/studio/7.0/toolchain/arm/arm-gnu-toolchain/bin/../lib/gcc/arm-none-eabi/6.3.1/../../../../arm-none-eabi/lib/thumb/v6-m\libc.a(lib_a-init.o)
                0x00002818                __libc_init_array
 .text.startup.register_fini
                0x00002860       0x18 c:/program files (x86)/atmel/studio/7.0/toolchain/arm/arm-gnu-toolchain/bin/../lib/gcc/arm-none-eabi/6.3.1/../../../../arm-none-eabi/lib/thumb/v6-m\libc.a(lib_a-__call_atexit.o)
 .text.atexit   0x00002878       0x10 c:/program files (x86)/atmel/studio/7.0/toolchain/arm/arm-gnu-toolchain/bin/../lib/gcc/arm-none-eabi/6.3.1/../../../../arm-none-eabi/lib/thumb/v6-m\libc.a(lib_a-atexit.o)
                0x00002878                atexit
 .text.__libc_fini_array
                0x00002888       0x34 c:/program files (x86)/atmel/studio/7.0/toolchain/arm/arm-gnu-toolchain/bin/../lib/gcc/arm-none-eabi/6.3.1/../../../../arm-none-eabi/lib/thumb/v6-m\libc.a(lib_a-fini.o)
                0x00002888                __libc_fini_array
 .text.__retarget_lock_acquire_recursive
                0x000028bc        0x4 c:/program files (x86)/atmel/studio/7.0/toolchain/arm/arm-gnu-toolchain/bin/../lib/gcc/arm-none-eabi/6.3.1/../../../../arm-none-eabi/lib/thumb/v6-m\libc.a(lib_a-lock.o)
                0x000028bc                __retarget_lock_acquire_recursive
 .text.__retarget_lock_release_recursive
                0x000028c0        0x4 c:/program files (x86)/atmel/studio/7.0/toolchain/arm/arm-gnu-toolchain/bin/../lib/gcc/arm-none-eabi/6.3.1/../../../../arm-none-eabi/lib/thumb/v6-m\libc.a(lib_a-lock.o)
                0x000028c0                __retarget_lock_release_recursive
 .text.__register_exitproc
                0x000028c4       0xf4 c:/program files (x86)/atmel/studio/7.0/toolchain/arm/arm-gnu-toolchain/bin/../lib/gcc/arm-none-eabi/6.3.1/../../../../arm-none-eabi/lib/thumb/v6-m\libc.a(lib_a-__atexit.o)
                0x000028c4                __register_exitproc
 *(.glue_7t)
 .glue_7t       0x000029b8        0x0 linker stubs
 *(.glue_7)
 .glue_7        0x000029b8        0x0 linker stubs
 *(.rodata .rodata* .gnu.linkonce.r.*)
 .rodata.str1.4
                0x000029b8        0x8 main.o
                                  0x5 (size before relaxing)
 .rodata        0x000029c0       0x5c mcp_can.o
 .rodata        0x00002a1c        0x8 spi.o
 .rodata        0x00002a24       0x40 c:/program files (x86)/atmel/studio/7.0/toolchain/arm/arm-gnu-toolchain/bin/../lib/gcc/arm-none-eabi/6.3.1/thumb/v6-m\libgcc.a(muldf3.o)
 .rodata._global_impure_ptr
                0x00002a64        0x4 c:/program files (x86)/atmel/studio/7.0/toolchain/arm/arm-gnu-toolchain/bin/../lib/gcc/arm-none-eabi/6.3.1/../../../../arm-none-eabi/lib/thumb/v6-m\libc.a(lib_a-impure.o)
                0x00002a64                _global_impure_ptr
 *(.ARM.extab* .gnu.linkonce.armextab.*)
                0x00002a68                . = ALIGN (0x4)
 *(.init)
 .init          0x00002a68        0x4 c:/program files (x86)/atmel/studio/7.0/toolchain/arm/arm-gnu-toolchain/bin/../lib/gcc/arm-none-eabi/6.3.1/thumb/v6-m/crti.o
                0x00002a68                _init
 .init          0x00002a6c        0x8 c:/program files (x86)/atmel/studio/7.0/toolchain/arm/arm-gnu-toolchain/bin/../lib/gcc/arm-none-eabi/6.3.1/thumb/v6-m/crtn.o
                0x00002a74                . = ALIGN (0x4)
                0x00002a74                __preinit_array_start = .
 *(.preinit_array)
                0x00002a74                __preinit_array_end = .
                0x00002a74                . = ALIGN (0x4)
                0x00002a74                __init_array_start = .
 *(SORT(.init_array.*))
 .init_array.00000
                0x00002a74        0x4 c:/program files (x86)/atmel/studio/7.0/toolchain/arm/arm-gnu-toolchain/bin/../lib/gcc/arm-none-eabi/6.3.1/../../../../arm-none-eabi/lib/thumb/v6-m\libc.a(lib_a-__call_atexit.o)
 *(.init_array)
 .init_array    0x00002a78        0x4 c:/program files (x86)/atmel/studio/7.0/toolchain/arm/arm-gnu-toolchain/bin/../lib/gcc/arm-none-eabi/6.3.1/thumb/v6-m/crtbegin.o
                0x00002a7c                __init_array_end = .
                0x00002a7c                . = ALIGN (0x4)
 *crtbegin.o(.ctors)
 *(EXCLUDE_FILE(*crtend.o) .ctors)
 *(SORT(.ctors.*))
 *crtend.o(.ctors)
                0x00002a7c                . = ALIGN (0x4)
 *(.fini)
 .fini          0x00002a7c        0x4 c:/program files (x86)/atmel/studio/7.0/toolchain/arm/arm-gnu-toolchain/bin/../lib/gcc/arm-none-eabi/6.3.1/thumb/v6-m/crti.o
                0x00002a7c                _fini
 .fini          0x00002a80        0x8 c:/program files (x86)/atmel/studio/7.0/toolchain/arm/arm-gnu-toolchain/bin/../lib/gcc/arm-none-eabi/6.3.1/thumb/v6-m/crtn.o
                0x00002a88                . = ALIGN (0x4)
                0x00002a88                __fini_array_start = .
 *(.fini_array)
 .fini_array    0x00002a88        0x4 c:/program files (x86)/atmel/studio/7.0/toolchain/arm/arm-gnu-toolchain/bin/../lib/gcc/arm-none-eabi/6.3.1/thumb/v6-m/crtbegin.o
 *(SORT(.fini_array.*))
                0x00002a8c                __fini_array_end = .
 *crtbegin.o(.dtors)
 *(EXCLUDE_FILE(*crtend.o) .dtors)
 *(SORT(.dtors.*))
 *crtend.o(.dtors)
                0x00002a8c                . = ALIGN (0x4)
                0x00002a8c                _efixed = .
                [!provide]                PROVIDE (__exidx_start, .)

.vfp11_veneer   0x00002a8c        0x0
 .vfp11_veneer  0x00002a8c        0x0 linker stubs

.v4_bx          0x00002a8c        0x0
 .v4_bx         0x00002a8c        0x0 linker stubs

.iplt           0x00002a8c        0x0
 .iplt          0x00002a8c        0x0 c:/program files (x86)/atmel/studio/7.0/toolchain/arm/arm-gnu-toolchain/bin/../lib/gcc/arm-none-eabi/6.3.1/thumb/v6-m/crtbegin.o

.eh_frame       0x00002a8c        0x0
 .eh_frame      0x00002a8c        0x0 c:/program files (x86)/atmel/studio/7.0/toolchain/arm/arm-gnu-toolchain/bin/../lib/gcc/arm-none-eabi/6.3.1/thumb/v6-m/crtbegin.o

.rel.dyn        0x00002a8c        0x0
 .rel.iplt      0x00002a8c        0x0 c:/program files (x86)/atmel/studio/7.0/toolchain/arm/arm-gnu-toolchain/bin/../lib/gcc/arm-none-eabi/6.3.1/thumb/v6-m/crtbegin.o

.jcr            0x00002a8c        0x0
 .jcr           0x00002a8c        0x0 c:/program files (x86)/atmel/studio/7.0/toolchain/arm/arm-gnu-toolchain/bin/../lib/gcc/arm-none-eabi/6.3.1/thumb/v6-m/crtbegin.o

.igot.plt       0x00002a8c        0x0
 .igot.plt      0x00002a8c        0x0 c:/program files (x86)/atmel/studio/7.0/toolchain/arm/arm-gnu-toolchain/bin/../lib/gcc/arm-none-eabi/6.3.1/thumb/v6-m/crtbegin.o

.ARM.exidx
 *(.ARM.exidx* .gnu.linkonce.armexidx.*)
                [!provide]                PROVIDE (__exidx_end, .)
                0x00002a8c                . = ALIGN (0x4)
                0x00002a8c                _etext = .

.relocate       0x20000000      0x43c load address 0x00002a8c
                0x20000000                . = ALIGN (0x4)
                0x20000000                _srelocate = .
 *(.ramfunc .ramfunc.*)
 *(.data .data.*)
 .data          0x20000000        0x4 Device_Startup/system_samd21.o
                0x20000000                SystemCoreClock
 .data          0x20000004        0x8 main.o
                0x20000004                dataSize
                0x20000006                canIDcrit
                0x20000008                canIDmedium
                0x2000000a                canIDlow
 *fill*         0x2000000c        0x4 
 .data.impure_data
                0x20000010      0x428 c:/program files (x86)/atmel/studio/7.0/toolchain/arm/arm-gnu-toolchain/bin/../lib/gcc/arm-none-eabi/6.3.1/../../../../arm-none-eabi/lib/thumb/v6-m\libc.a(lib_a-impure.o)
 .data.__atexit_recursive_mutex
                0x20000438        0x4 c:/program files (x86)/atmel/studio/7.0/toolchain/arm/arm-gnu-toolchain/bin/../lib/gcc/arm-none-eabi/6.3.1/../../../../arm-none-eabi/lib/thumb/v6-m\libc.a(lib_a-__call_atexit.o)
                0x20000438                __atexit_recursive_mutex
                0x2000043c                . = ALIGN (0x4)
                0x2000043c                _erelocate = .

.bss            0x2000043c      0x178 load address 0x00002ec8
                0x2000043c                . = ALIGN (0x4)
                0x2000043c                _sbss = .
                0x2000043c                _szero = .
 *(.bss .bss.*)
 .bss           0x2000043c       0x1c c:/program files (x86)/atmel/studio/7.0/toolchain/arm/arm-gnu-toolchain/bin/../lib/gcc/arm-none-eabi/6.3.1/thumb/v6-m/crtbegin.o
 .bss           0x20000458        0x9 main.o
                0x20000458                dataToSend
                0x20000460                canSlave
 *fill*         0x20000461        0x3 
 .bss           0x20000464       0x18 source/myprintf.o
 .bss           0x2000047c      0x104 source/tasks.o
                0x20000530                pxCurrentTCB
 *(COMMON)
 COMMON         0x20000580       0x10 mcp_can.o
                0x20000580                m_nRtr
                0x20000582                m_nID
                0x20000584                m_nDta
                0x2000058c                m_nExtFlg
                0x2000058d                m_nfilhit
                0x2000058e                device
                0x2000058f                m_nDlc
 COMMON         0x20000590       0x21 c:/program files (x86)/atmel/studio/7.0/toolchain/arm/arm-gnu-toolchain/bin/../lib/gcc/arm-none-eabi/6.3.1/../../../../arm-none-eabi/lib/thumb/v6-m\libc.a(lib_a-lock.o)
                0x20000590                __lock___atexit_recursive_mutex
                0x20000594                __lock___arc4random_mutex
                0x20000598                __lock___env_recursive_mutex
                0x2000059c                __lock___sinit_recursive_mutex
                0x200005a0                __lock___malloc_recursive_mutex
                0x200005a4                __lock___at_quick_exit_mutex
                0x200005a8                __lock___dd_hash_mutex
                0x200005ac                __lock___tz_mutex
                0x200005b0                __lock___sfp_recursive_mutex
                0x200005b4                . = ALIGN (0x4)
 *fill*         0x200005b1        0x3 
                0x200005b4                _ebss = .
                0x200005b4                _ezero = .

.stack          0x200005b4     0x2004 load address 0x00003040
                0x200005b8                . = ALIGN (0x8)
 *fill*         0x200005b4        0x4 
                0x200005b8                _sstack = .
                0x200025b8                . = (. + STACK_SIZE)
 *fill*         0x200005b8     0x2000 
                0x200025b8                . = ALIGN (0x8)
                0x200025b8                _estack = .
                0x200025b8                . = ALIGN (0x4)
                0x200025b8                _end = .
OUTPUT(finalProject.elf elf32-littlearm)

.ARM.attributes
                0x00000000       0x28
 .ARM.attributes
                0x00000000       0x1e c:/program files (x86)/atmel/studio/7.0/toolchain/arm/arm-gnu-toolchain/bin/../lib/gcc/arm-none-eabi/6.3.1/thumb/v6-m/crti.o
 .ARM.attributes
                0x0000001e       0x2c c:/program files (x86)/atmel/studio/7.0/toolchain/arm/arm-gnu-toolchain/bin/../lib/gcc/arm-none-eabi/6.3.1/thumb/v6-m/crtbegin.o
 .ARM.attributes
                0x0000004a       0x32 Device_Startup/startup_samd21.o
 .ARM.attributes
                0x0000007c       0x32 Device_Startup/system_samd21.o
 .ARM.attributes
                0x000000ae       0x32 include/GPIOcontrol_3.o
 .ARM.attributes
                0x000000e0       0x32 main.o
 .ARM.attributes
                0x00000112       0x32 mcp_can.o
 .ARM.attributes
                0x00000144       0x32 source/list.o
 .ARM.attributes
                0x00000176       0x32 source/myprintf.o
 .ARM.attributes
                0x000001a8       0x32 source/port.o
 .ARM.attributes
                0x000001da       0x32 source/tasks.o
 .ARM.attributes
                0x0000020c       0x32 source/uart.o
 .ARM.attributes
                0x0000023e       0x32 spi.o
 .ARM.attributes
                0x00000270       0x1e c:/program files (x86)/atmel/studio/7.0/toolchain/arm/arm-gnu-toolchain/bin/../lib/gcc/arm-none-eabi/6.3.1/thumb/v6-m\libgcc.a(_udivsi3.o)
 .ARM.attributes
                0x0000028e       0x1e c:/program files (x86)/atmel/studio/7.0/toolchain/arm/arm-gnu-toolchain/bin/../lib/gcc/arm-none-eabi/6.3.1/thumb/v6-m\libgcc.a(_dvmd_tls.o)
 .ARM.attributes
                0x000002ac       0x2c c:/program files (x86)/atmel/studio/7.0/toolchain/arm/arm-gnu-toolchain/bin/../lib/gcc/arm-none-eabi/6.3.1/thumb/v6-m\libgcc.a(_fixunsdfsi.o)
 .ARM.attributes
                0x000002d8       0x2c c:/program files (x86)/atmel/studio/7.0/toolchain/arm/arm-gnu-toolchain/bin/../lib/gcc/arm-none-eabi/6.3.1/thumb/v6-m\libgcc.a(adddf3.o)
 .ARM.attributes
                0x00000304       0x2c c:/program files (x86)/atmel/studio/7.0/toolchain/arm/arm-gnu-toolchain/bin/../lib/gcc/arm-none-eabi/6.3.1/thumb/v6-m\libgcc.a(muldf3.o)
 .ARM.attributes
                0x00000330       0x2c c:/program files (x86)/atmel/studio/7.0/toolchain/arm/arm-gnu-toolchain/bin/../lib/gcc/arm-none-eabi/6.3.1/thumb/v6-m\libgcc.a(subdf3.o)
 .ARM.attributes
                0x0000035c       0x2c c:/program files (x86)/atmel/studio/7.0/toolchain/arm/arm-gnu-toolchain/bin/../lib/gcc/arm-none-eabi/6.3.1/thumb/v6-m\libgcc.a(fixdfsi.o)
 .ARM.attributes
                0x00000388       0x2c c:/program files (x86)/atmel/studio/7.0/toolchain/arm/arm-gnu-toolchain/bin/../lib/gcc/arm-none-eabi/6.3.1/thumb/v6-m\libgcc.a(floatunsidf.o)
 .ARM.attributes
                0x000003b4       0x1e c:/program files (x86)/atmel/studio/7.0/toolchain/arm/arm-gnu-toolchain/bin/../lib/gcc/arm-none-eabi/6.3.1/thumb/v6-m\libgcc.a(_arm_cmpdf2.o)
 .ARM.attributes
                0x000003d2       0x1e c:/program files (x86)/atmel/studio/7.0/toolchain/arm/arm-gnu-toolchain/bin/../lib/gcc/arm-none-eabi/6.3.1/thumb/v6-m\libgcc.a(_clzsi2.o)
 .ARM.attributes
                0x000003f0       0x2c c:/program files (x86)/atmel/studio/7.0/toolchain/arm/arm-gnu-toolchain/bin/../lib/gcc/arm-none-eabi/6.3.1/thumb/v6-m\libgcc.a(eqdf2.o)
 .ARM.attributes
                0x0000041c       0x2c c:/program files (x86)/atmel/studio/7.0/toolchain/arm/arm-gnu-toolchain/bin/../lib/gcc/arm-none-eabi/6.3.1/thumb/v6-m\libgcc.a(gedf2.o)
 .ARM.attributes
                0x00000448       0x2c c:/program files (x86)/atmel/studio/7.0/toolchain/arm/arm-gnu-toolchain/bin/../lib/gcc/arm-none-eabi/6.3.1/thumb/v6-m\libgcc.a(ledf2.o)
 .ARM.attributes
                0x00000474       0x2c c:/program files (x86)/atmel/studio/7.0/toolchain/arm/arm-gnu-toolchain/bin/../lib/gcc/arm-none-eabi/6.3.1/../../../../arm-none-eabi/lib/thumb/v6-m\libc.a(lib_a-impure.o)
 .ARM.attributes
                0x000004a0       0x2c c:/program files (x86)/atmel/studio/7.0/toolchain/arm/arm-gnu-toolchain/bin/../lib/gcc/arm-none-eabi/6.3.1/../../../../arm-none-eabi/lib/thumb/v6-m\libc.a(lib_a-init.o)
 .ARM.attributes
                0x000004cc       0x2c c:/program files (x86)/atmel/studio/7.0/toolchain/arm/arm-gnu-toolchain/bin/../lib/gcc/arm-none-eabi/6.3.1/../../../../arm-none-eabi/lib/thumb/v6-m\libc.a(lib_a-__call_atexit.o)
 .ARM.attributes
                0x000004f8       0x2c c:/program files (x86)/atmel/studio/7.0/toolchain/arm/arm-gnu-toolchain/bin/../lib/gcc/arm-none-eabi/6.3.1/../../../../arm-none-eabi/lib/thumb/v6-m\libc.a(lib_a-atexit.o)
 .ARM.attributes
                0x00000524       0x2c c:/program files (x86)/atmel/studio/7.0/toolchain/arm/arm-gnu-toolchain/bin/../lib/gcc/arm-none-eabi/6.3.1/../../../../arm-none-eabi/lib/thumb/v6-m\libc.a(lib_a-fini.o)
 .ARM.attributes
                0x00000550       0x2c c:/program files (x86)/atmel/studio/7.0/toolchain/arm/arm-gnu-toolchain/bin/../lib/gcc/arm-none-eabi/6.3.1/../../../../arm-none-eabi/lib/thumb/v6-m\libc.a(lib_a-lock.o)
 .ARM.attributes
                0x0000057c       0x2c c:/program files (x86)/atmel/studio/7.0/toolchain/arm/arm-gnu-toolchain/bin/../lib/gcc/arm-none-eabi/6.3.1/../../../../arm-none-eabi/lib/thumb/v6-m\libc.a(lib_a-__atexit.o)
 .ARM.attributes
                0x000005a8       0x1e c:/program files (x86)/atmel/studio/7.0/toolchain/arm/arm-gnu-toolchain/bin/../lib/gcc/arm-none-eabi/6.3.1/thumb/v6-m/crtn.o

.comment        0x00000000       0x59
 .comment       0x00000000       0x59 Device_Startup/startup_samd21.o
                                 0x5a (size before relaxing)
 .comment       0x00000059       0x5a Device_Startup/system_samd21.o
 .comment       0x00000059       0x5a include/GPIOcontrol_3.o
 .comment       0x00000059       0x5a main.o
 .comment       0x00000059       0x5a mcp_can.o
 .comment       0x00000059       0x5a source/list.o
 .comment       0x00000059       0x5a source/myprintf.o
 .comment       0x00000059       0x5a source/port.o
 .comment       0x00000059       0x5a source/tasks.o
 .comment       0x00000059       0x5a source/uart.o
 .comment       0x00000059       0x5a spi.o

.debug_info     0x00000000    0x14d57
 .debug_info    0x00000000     0x3a28 Device_Startup/startup_samd21.o
 .debug_info    0x00003a28       0xd5 Device_Startup/system_samd21.o
 .debug_info    0x00003afd      0x7ea include/GPIOcontrol_3.o
 .debug_info    0x000042e7     0x3218 main.o
 .debug_info    0x000074ff     0x154a mcp_can.o
 .debug_info    0x00008a49      0xbd6 source/list.o
 .debug_info    0x0000961f     0x2576 source/myprintf.o
 .debug_info    0x0000bb95      0x303 source/port.o
 .debug_info    0x0000be98     0x2f16 source/tasks.o
 .debug_info    0x0000edae     0x2f5e source/uart.o
 .debug_info    0x00011d0c     0x304b spi.o

.debug_abbrev   0x00000000     0x1862
 .debug_abbrev  0x00000000      0x234 Device_Startup/startup_samd21.o
 .debug_abbrev  0x00000234       0x72 Device_Startup/system_samd21.o
 .debug_abbrev  0x000002a6      0x1ad include/GPIOcontrol_3.o
 .debug_abbrev  0x00000453      0x260 main.o
 .debug_abbrev  0x000006b3      0x252 mcp_can.o
 .debug_abbrev  0x00000905      0x221 source/list.o
 .debug_abbrev  0x00000b26      0x3ba source/myprintf.o
 .debug_abbrev  0x00000ee0      0x1c8 source/port.o
 .debug_abbrev  0x000010a8      0x421 source/tasks.o
 .debug_abbrev  0x000014c9      0x188 source/uart.o
 .debug_abbrev  0x00001651      0x211 spi.o

.debug_loc      0x00000000     0x4ccb
 .debug_loc     0x00000000       0x40 Device_Startup/startup_samd21.o
 .debug_loc     0x00000040       0xd7 include/GPIOcontrol_3.o
 .debug_loc     0x00000117      0x225 main.o
 .debug_loc     0x0000033c     0x166f mcp_can.o
 .debug_loc     0x000019ab       0x72 source/list.o
 .debug_loc     0x00001a1d      0xb30 source/myprintf.o
 .debug_loc     0x0000254d      0x133 source/port.o
 .debug_loc     0x00002680     0x2527 source/tasks.o
 .debug_loc     0x00004ba7      0x124 spi.o

.debug_aranges  0x00000000      0x520
 .debug_aranges
                0x00000000       0x28 Device_Startup/startup_samd21.o
 .debug_aranges
                0x00000028       0x28 Device_Startup/system_samd21.o
 .debug_aranges
                0x00000050       0x38 include/GPIOcontrol_3.o
 .debug_aranges
                0x00000088       0x38 main.o
 .debug_aranges
                0x000000c0      0x120 mcp_can.o
 .debug_aranges
                0x000001e0       0x40 source/list.o
 .debug_aranges
                0x00000220       0x68 source/myprintf.o
 .debug_aranges
                0x00000288       0x80 source/port.o
 .debug_aranges
                0x00000308      0x1c0 source/tasks.o
 .debug_aranges
                0x000004c8       0x20 source/uart.o
 .debug_aranges
                0x000004e8       0x38 spi.o

.debug_ranges   0x00000000      0x5f8
 .debug_ranges  0x00000000       0x18 Device_Startup/startup_samd21.o
 .debug_ranges  0x00000018       0x18 Device_Startup/system_samd21.o
 .debug_ranges  0x00000030       0x28 include/GPIOcontrol_3.o
 .debug_ranges  0x00000058       0x40 main.o
 .debug_ranges  0x00000098      0x110 mcp_can.o
 .debug_ranges  0x000001a8       0x30 source/list.o
 .debug_ranges  0x000001d8       0xb0 source/myprintf.o
 .debug_ranges  0x00000288       0x70 source/port.o
 .debug_ranges  0x000002f8      0x2c8 source/tasks.o
 .debug_ranges  0x000005c0       0x10 source/uart.o
 .debug_ranges  0x000005d0       0x28 spi.o

.debug_macro    0x00000000    0x13938
 .debug_macro   0x00000000      0x2e3 Device_Startup/startup_samd21.o
 .debug_macro   0x000002e3      0x89e Device_Startup/startup_samd21.o
 .debug_macro   0x00000b81       0x22 Device_Startup/startup_samd21.o
 .debug_macro   0x00000ba3       0x87 Device_Startup/startup_samd21.o
 .debug_macro   0x00000c2a       0x51 Device_Startup/startup_samd21.o
 .debug_macro   0x00000c7b       0xef Device_Startup/startup_samd21.o
 .debug_macro   0x00000d6a       0x6a Device_Startup/startup_samd21.o
 .debug_macro   0x00000dd4      0x1df Device_Startup/startup_samd21.o
 .debug_macro   0x00000fb3       0x40 Device_Startup/startup_samd21.o
 .debug_macro   0x00000ff3       0x28 Device_Startup/startup_samd21.o
 .debug_macro   0x0000101b       0x85 Device_Startup/startup_samd21.o
 .debug_macro   0x000010a0      0x375 Device_Startup/startup_samd21.o
 .debug_macro   0x00001415      0x67e Device_Startup/startup_samd21.o
 .debug_macro   0x00001a93      0x8b1 Device_Startup/startup_samd21.o
 .debug_macro   0x00002344      0x22e Device_Startup/startup_samd21.o
 .debug_macro   0x00002572      0xd5c Device_Startup/startup_samd21.o
 .debug_macro   0x000032ce      0x4dc Device_Startup/startup_samd21.o
 .debug_macro   0x000037aa      0x9f6 Device_Startup/startup_samd21.o
 .debug_macro   0x000041a0      0x82b Device_Startup/startup_samd21.o
 .debug_macro   0x000049cb      0x45f Device_Startup/startup_samd21.o
 .debug_macro   0x00004e2a       0x5e Device_Startup/startup_samd21.o
 .debug_macro   0x00004e88      0x8f9 Device_Startup/startup_samd21.o
 .debug_macro   0x00005781      0x21c Device_Startup/startup_samd21.o
 .debug_macro   0x0000599d      0x735 Device_Startup/startup_samd21.o
 .debug_macro   0x000060d2       0x5e Device_Startup/startup_samd21.o
 .debug_macro   0x00006130      0x632 Device_Startup/startup_samd21.o
 .debug_macro   0x00006762      0x3ac Device_Startup/startup_samd21.o
 .debug_macro   0x00006b0e      0xc76 Device_Startup/startup_samd21.o
 .debug_macro   0x00007784     0x1092 Device_Startup/startup_samd21.o
 .debug_macro   0x00008816      0xc4a Device_Startup/startup_samd21.o
 .debug_macro   0x00009460      0x6ba Device_Startup/startup_samd21.o
 .debug_macro   0x00009b1a     0x1b3d Device_Startup/startup_samd21.o
 .debug_macro   0x0000b657     0x143c Device_Startup/startup_samd21.o
 .debug_macro   0x0000ca93      0x340 Device_Startup/startup_samd21.o
 .debug_macro   0x0000cdd3       0x7c Device_Startup/startup_samd21.o
 .debug_macro   0x0000ce4f       0xa0 Device_Startup/startup_samd21.o
 .debug_macro   0x0000ceef       0x4c Device_Startup/startup_samd21.o
 .debug_macro   0x0000cf3b       0xca Device_Startup/startup_samd21.o
 .debug_macro   0x0000d005       0x94 Device_Startup/startup_samd21.o
 .debug_macro   0x0000d099       0x58 Device_Startup/startup_samd21.o
 .debug_macro   0x0000d0f1      0x341 Device_Startup/startup_samd21.o
 .debug_macro   0x0000d432       0x82 Device_Startup/startup_samd21.o
 .debug_macro   0x0000d4b4      0x189 Device_Startup/startup_samd21.o
 .debug_macro   0x0000d63d       0xb8 Device_Startup/startup_samd21.o
 .debug_macro   0x0000d6f5       0xa0 Device_Startup/startup_samd21.o
 .debug_macro   0x0000d795       0xb2 Device_Startup/startup_samd21.o
 .debug_macro   0x0000d847       0x1c Device_Startup/startup_samd21.o
 .debug_macro   0x0000d863       0x1c Device_Startup/startup_samd21.o
 .debug_macro   0x0000d87f       0x1c Device_Startup/startup_samd21.o
 .debug_macro   0x0000d89b       0x7c Device_Startup/startup_samd21.o
 .debug_macro   0x0000d917      0x15a Device_Startup/startup_samd21.o
 .debug_macro   0x0000da71       0xdc Device_Startup/startup_samd21.o
 .debug_macro   0x0000db4d      0x124 Device_Startup/startup_samd21.o
 .debug_macro   0x0000dc71      0x124 Device_Startup/startup_samd21.o
 .debug_macro   0x0000dd95      0x124 Device_Startup/startup_samd21.o
 .debug_macro   0x0000deb9      0x124 Device_Startup/startup_samd21.o
 .debug_macro   0x0000dfdd      0x124 Device_Startup/startup_samd21.o
 .debug_macro   0x0000e101      0x124 Device_Startup/startup_samd21.o
 .debug_macro   0x0000e225      0x124 Device_Startup/startup_samd21.o
 .debug_macro   0x0000e349       0xe2 Device_Startup/startup_samd21.o
 .debug_macro   0x0000e42b       0xe2 Device_Startup/startup_samd21.o
 .debug_macro   0x0000e50d       0xe2 Device_Startup/startup_samd21.o
 .debug_macro   0x0000e5ef      0x12a Device_Startup/startup_samd21.o
 .debug_macro   0x0000e719      0x100 Device_Startup/startup_samd21.o
 .debug_macro   0x0000e819       0xf4 Device_Startup/startup_samd21.o
 .debug_macro   0x0000e90d      0x40f Device_Startup/startup_samd21.o
 .debug_macro   0x0000ed1c       0x40 Device_Startup/startup_samd21.o
 .debug_macro   0x0000ed5c      0x376 Device_Startup/startup_samd21.o
 .debug_macro   0x0000f0d2     0x17df Device_Startup/startup_samd21.o
 .debug_macro   0x000108b1       0x6d Device_Startup/startup_samd21.o
 .debug_macro   0x0001091e      0x2e9 Device_Startup/system_samd21.o
 .debug_macro   0x00010c07      0x2f6 include/GPIOcontrol_3.o
 .debug_macro   0x00010efd       0x22 include/GPIOcontrol_3.o
 .debug_macro   0x00010f1f      0x3a3 main.o
 .debug_macro   0x000112c2      0x16d main.o
 .debug_macro   0x0001142f      0x106 main.o
 .debug_macro   0x00011535      0x15a main.o
 .debug_macro   0x0001168f       0xa6 main.o
 .debug_macro   0x00011735       0x10 main.o
 .debug_macro   0x00011745       0x1f main.o
 .debug_macro   0x00011764      0x486 main.o
 .debug_macro   0x00011bea       0xb5 main.o
 .debug_macro   0x00011c9f       0x8c main.o
 .debug_macro   0x00011d2b       0x1c main.o
 .debug_macro   0x00011d47       0x58 main.o
 .debug_macro   0x00011d9f       0x16 main.o
 .debug_macro   0x00011db5      0x617 main.o
 .debug_macro   0x000123cc       0x1c main.o
 .debug_macro   0x000123e8      0x2ff mcp_can.o
 .debug_macro   0x000126e7      0x17b source/list.o
 .debug_macro   0x00012862      0x2fb source/myprintf.o
 .debug_macro   0x00012b5d      0x124 source/port.o
 .debug_macro   0x00012c81      0x31d source/tasks.o
 .debug_macro   0x00012f9e       0x10 source/tasks.o
 .debug_macro   0x00012fae       0x1c source/tasks.o
 .debug_macro   0x00012fca       0x10 source/tasks.o
 .debug_macro   0x00012fda       0x10 source/tasks.o
 .debug_macro   0x00012fea       0x1c source/tasks.o
 .debug_macro   0x00013006       0x52 source/tasks.o
 .debug_macro   0x00013058       0x40 source/tasks.o
 .debug_macro   0x00013098       0x10 source/tasks.o
 .debug_macro   0x000130a8       0x40 source/tasks.o
 .debug_macro   0x000130e8       0xd7 source/tasks.o
 .debug_macro   0x000131bf       0x16 source/tasks.o
 .debug_macro   0x000131d5      0x18b source/tasks.o
 .debug_macro   0x00013360      0x2ec source/uart.o
 .debug_macro   0x0001364c      0x2ec spi.o

.debug_line     0x00000000     0x55b5
 .debug_line    0x00000000      0x6d6 Device_Startup/startup_samd21.o
 .debug_line    0x000006d6      0x6c1 Device_Startup/system_samd21.o
 .debug_line    0x00000d97      0x701 include/GPIOcontrol_3.o
 .debug_line    0x00001498      0x841 main.o
 .debug_line    0x00001cd9      0xb2f mcp_can.o
 .debug_line    0x00002808      0x3d9 source/list.o
 .debug_line    0x00002be1      0x8c4 source/myprintf.o
 .debug_line    0x000034a5      0x3fa source/port.o
 .debug_line    0x0000389f      0xf02 source/tasks.o
 .debug_line    0x000047a1      0x6d6 source/uart.o
 .debug_line    0x00004e77      0x73e spi.o

.debug_str      0x00000000    0x79d9a
 .debug_str     0x00000000    0x6d96d Device_Startup/startup_samd21.o
                              0x6dda7 (size before relaxing)
 .debug_str     0x0006d96d       0x5c Device_Startup/system_samd21.o
                              0x6cc39 (size before relaxing)
 .debug_str     0x0006d9c9      0x214 include/GPIOcontrol_3.o
                              0x6ce31 (size before relaxing)
 .debug_str     0x0006dbdd     0x57d1 main.o
                              0x726bf (size before relaxing)
 .debug_str     0x000733ae      0x2fc mcp_can.o
                              0x6e199 (size before relaxing)
 .debug_str     0x000736aa     0x2e69 source/list.o
                               0x9738 (size before relaxing)
 .debug_str     0x00076513      0x688 source/myprintf.o
                              0x6d535 (size before relaxing)
 .debug_str     0x00076b9b      0x3fe source/port.o
                               0x726c (size before relaxing)
 .debug_str     0x00076f99     0x2dbf source/tasks.o
                               0xcc80 (size before relaxing)
 .debug_str     0x00079d58       0x1c source/uart.o
                              0x6d757 (size before relaxing)
 .debug_str     0x00079d74       0x26 spi.o
                              0x6d77b (size before relaxing)

.debug_frame    0x00000000     0x10f4
 .debug_frame   0x00000000       0x40 Device_Startup/startup_samd21.o
 .debug_frame   0x00000040       0x30 Device_Startup/system_samd21.o
 .debug_frame   0x00000070       0x50 include/GPIOcontrol_3.o
 .debug_frame   0x000000c0       0x80 main.o
 .debug_frame   0x00000140      0x374 mcp_can.o
 .debug_frame   0x000004b4       0x6c source/list.o
 .debug_frame   0x00000520      0x130 source/myprintf.o
 .debug_frame   0x00000650       0xfc source/port.o
 .debug_frame   0x0000074c      0x578 source/tasks.o
 .debug_frame   0x00000cc4       0x20 source/uart.o
 .debug_frame   0x00000ce4       0x58 spi.o
 .debug_frame   0x00000d3c       0x20 c:/program files (x86)/atmel/studio/7.0/toolchain/arm/arm-gnu-toolchain/bin/../lib/gcc/arm-none-eabi/6.3.1/thumb/v6-m\libgcc.a(_udivsi3.o)
 .debug_frame   0x00000d5c       0x2c c:/program files (x86)/atmel/studio/7.0/toolchain/arm/arm-gnu-toolchain/bin/../lib/gcc/arm-none-eabi/6.3.1/thumb/v6-m\libgcc.a(_fixunsdfsi.o)
 .debug_frame   0x00000d88       0x3c c:/program files (x86)/atmel/studio/7.0/toolchain/arm/arm-gnu-toolchain/bin/../lib/gcc/arm-none-eabi/6.3.1/thumb/v6-m\libgcc.a(adddf3.o)
 .debug_frame   0x00000dc4       0x3c c:/program files (x86)/atmel/studio/7.0/toolchain/arm/arm-gnu-toolchain/bin/../lib/gcc/arm-none-eabi/6.3.1/thumb/v6-m\libgcc.a(muldf3.o)
 .debug_frame   0x00000e00       0x38 c:/program files (x86)/atmel/studio/7.0/toolchain/arm/arm-gnu-toolchain/bin/../lib/gcc/arm-none-eabi/6.3.1/thumb/v6-m\libgcc.a(subdf3.o)
 .debug_frame   0x00000e38       0x2c c:/program files (x86)/atmel/studio/7.0/toolchain/arm/arm-gnu-toolchain/bin/../lib/gcc/arm-none-eabi/6.3.1/thumb/v6-m\libgcc.a(fixdfsi.o)
 .debug_frame   0x00000e64       0x28 c:/program files (x86)/atmel/studio/7.0/toolchain/arm/arm-gnu-toolchain/bin/../lib/gcc/arm-none-eabi/6.3.1/thumb/v6-m\libgcc.a(floatunsidf.o)
 .debug_frame   0x00000e8c       0x38 c:/program files (x86)/atmel/studio/7.0/toolchain/arm/arm-gnu-toolchain/bin/../lib/gcc/arm-none-eabi/6.3.1/thumb/v6-m\libgcc.a(eqdf2.o)
 .debug_frame   0x00000ec4       0x38 c:/program files (x86)/atmel/studio/7.0/toolchain/arm/arm-gnu-toolchain/bin/../lib/gcc/arm-none-eabi/6.3.1/thumb/v6-m\libgcc.a(gedf2.o)
 .debug_frame   0x00000efc       0x38 c:/program files (x86)/atmel/studio/7.0/toolchain/arm/arm-gnu-toolchain/bin/../lib/gcc/arm-none-eabi/6.3.1/thumb/v6-m\libgcc.a(ledf2.o)
 .debug_frame   0x00000f34       0x2c c:/program files (x86)/atmel/studio/7.0/toolchain/arm/arm-gnu-toolchain/bin/../lib/gcc/arm-none-eabi/6.3.1/../../../../arm-none-eabi/lib/thumb/v6-m\libc.a(lib_a-init.o)
 .debug_frame   0x00000f60       0x54 c:/program files (x86)/atmel/studio/7.0/toolchain/arm/arm-gnu-toolchain/bin/../lib/gcc/arm-none-eabi/6.3.1/../../../../arm-none-eabi/lib/thumb/v6-m\libc.a(lib_a-__call_atexit.o)
 .debug_frame   0x00000fb4       0x28 c:/program files (x86)/atmel/studio/7.0/toolchain/arm/arm-gnu-toolchain/bin/../lib/gcc/arm-none-eabi/6.3.1/../../../../arm-none-eabi/lib/thumb/v6-m\libc.a(lib_a-atexit.o)
 .debug_frame   0x00000fdc       0x2c c:/program files (x86)/atmel/studio/7.0/toolchain/arm/arm-gnu-toolchain/bin/../lib/gcc/arm-none-eabi/6.3.1/../../../../arm-none-eabi/lib/thumb/v6-m\libc.a(lib_a-fini.o)
 .debug_frame   0x00001008       0xb0 c:/program files (x86)/atmel/studio/7.0/toolchain/arm/arm-gnu-toolchain/bin/../lib/gcc/arm-none-eabi/6.3.1/../../../../arm-none-eabi/lib/thumb/v6-m\libc.a(lib_a-lock.o)
 .debug_frame   0x000010b8       0x3c c:/program files (x86)/atmel/studio/7.0/toolchain/arm/arm-gnu-toolchain/bin/../lib/gcc/arm-none-eabi/6.3.1/../../../../arm-none-eabi/lib/thumb/v6-m\libc.a(lib_a-__atexit.o)
