Archive member included to satisfy reference by file (symbol)

c:/program files (x86)/atmel/studio/7.0/toolchain/arm/arm-gnu-toolchain/bin/../lib/gcc/arm-none-eabi/6.3.1/../../../../arm-none-eabi/lib/thumb/v6-m\libm.a(lib_a-w_log.o)
                              main.o (log)
c:/program files (x86)/atmel/studio/7.0/toolchain/arm/arm-gnu-toolchain/bin/../lib/gcc/arm-none-eabi/6.3.1/../../../../arm-none-eabi/lib/thumb/v6-m\libm.a(lib_a-e_log.o)
                              c:/program files (x86)/atmel/studio/7.0/toolchain/arm/arm-gnu-toolchain/bin/../lib/gcc/arm-none-eabi/6.3.1/../../../../arm-none-eabi/lib/thumb/v6-m\libm.a(lib_a-w_log.o) (__ieee754_log)
c:/program files (x86)/atmel/studio/7.0/toolchain/arm/arm-gnu-toolchain/bin/../lib/gcc/arm-none-eabi/6.3.1/../../../../arm-none-eabi/lib/thumb/v6-m\libm.a(lib_a-s_lib_ver.o)
                              c:/program files (x86)/atmel/studio/7.0/toolchain/arm/arm-gnu-toolchain/bin/../lib/gcc/arm-none-eabi/6.3.1/../../../../arm-none-eabi/lib/thumb/v6-m\libm.a(lib_a-w_log.o) (__fdlib_version)
c:/program files (x86)/atmel/studio/7.0/toolchain/arm/arm-gnu-toolchain/bin/../lib/gcc/arm-none-eabi/6.3.1/../../../../arm-none-eabi/lib/thumb/v6-m\libm.a(lib_a-s_matherr.o)
                              c:/program files (x86)/atmel/studio/7.0/toolchain/arm/arm-gnu-toolchain/bin/../lib/gcc/arm-none-eabi/6.3.1/../../../../arm-none-eabi/lib/thumb/v6-m\libm.a(lib_a-w_log.o) (matherr)
c:/program files (x86)/atmel/studio/7.0/toolchain/arm/arm-gnu-toolchain/bin/../lib/gcc/arm-none-eabi/6.3.1/../../../../arm-none-eabi/lib/thumb/v6-m\libm.a(lib_a-s_nan.o)
                              c:/program files (x86)/atmel/studio/7.0/toolchain/arm/arm-gnu-toolchain/bin/../lib/gcc/arm-none-eabi/6.3.1/../../../../arm-none-eabi/lib/thumb/v6-m\libm.a(lib_a-w_log.o) (nan)
c:/program files (x86)/atmel/studio/7.0/toolchain/arm/arm-gnu-toolchain/bin/../lib/gcc/arm-none-eabi/6.3.1/thumb/v6-m\libgcc.a(_udivsi3.o)
                              source/myprintf.o (__aeabi_uidiv)
c:/program files (x86)/atmel/studio/7.0/toolchain/arm/arm-gnu-toolchain/bin/../lib/gcc/arm-none-eabi/6.3.1/thumb/v6-m\libgcc.a(_dvmd_tls.o)
                              c:/program files (x86)/atmel/studio/7.0/toolchain/arm/arm-gnu-toolchain/bin/../lib/gcc/arm-none-eabi/6.3.1/thumb/v6-m\libgcc.a(_udivsi3.o) (__aeabi_idiv0)
c:/program files (x86)/atmel/studio/7.0/toolchain/arm/arm-gnu-toolchain/bin/../lib/gcc/arm-none-eabi/6.3.1/thumb/v6-m\libgcc.a(_arm_cmpdf2.o)
                              c:/program files (x86)/atmel/studio/7.0/toolchain/arm/arm-gnu-toolchain/bin/../lib/gcc/arm-none-eabi/6.3.1/../../../../arm-none-eabi/lib/thumb/v6-m\libm.a(lib_a-w_log.o) (__aeabi_dcmpeq)
c:/program files (x86)/atmel/studio/7.0/toolchain/arm/arm-gnu-toolchain/bin/../lib/gcc/arm-none-eabi/6.3.1/thumb/v6-m\libgcc.a(_fixunsdfsi.o)
                              main.o (__aeabi_d2uiz)
c:/program files (x86)/atmel/studio/7.0/toolchain/arm/arm-gnu-toolchain/bin/../lib/gcc/arm-none-eabi/6.3.1/thumb/v6-m\libgcc.a(adddf3.o)
                              c:/program files (x86)/atmel/studio/7.0/toolchain/arm/arm-gnu-toolchain/bin/../lib/gcc/arm-none-eabi/6.3.1/../../../../arm-none-eabi/lib/thumb/v6-m\libm.a(lib_a-e_log.o) (__aeabi_dadd)
c:/program files (x86)/atmel/studio/7.0/toolchain/arm/arm-gnu-toolchain/bin/../lib/gcc/arm-none-eabi/6.3.1/thumb/v6-m\libgcc.a(divdf3.o)
                              c:/program files (x86)/atmel/studio/7.0/toolchain/arm/arm-gnu-toolchain/bin/../lib/gcc/arm-none-eabi/6.3.1/../../../../arm-none-eabi/lib/thumb/v6-m\libm.a(lib_a-e_log.o) (__aeabi_ddiv)
c:/program files (x86)/atmel/studio/7.0/toolchain/arm/arm-gnu-toolchain/bin/../lib/gcc/arm-none-eabi/6.3.1/thumb/v6-m\libgcc.a(eqdf2.o)
                              c:/program files (x86)/atmel/studio/7.0/toolchain/arm/arm-gnu-toolchain/bin/../lib/gcc/arm-none-eabi/6.3.1/thumb/v6-m\libgcc.a(_arm_cmpdf2.o) (__eqdf2)
c:/program files (x86)/atmel/studio/7.0/toolchain/arm/arm-gnu-toolchain/bin/../lib/gcc/arm-none-eabi/6.3.1/thumb/v6-m\libgcc.a(gedf2.o)
                              c:/program files (x86)/atmel/studio/7.0/toolchain/arm/arm-gnu-toolchain/bin/../lib/gcc/arm-none-eabi/6.3.1/thumb/v6-m\libgcc.a(_arm_cmpdf2.o) (__gedf2)
c:/program files (x86)/atmel/studio/7.0/toolchain/arm/arm-gnu-toolchain/bin/../lib/gcc/arm-none-eabi/6.3.1/thumb/v6-m\libgcc.a(ledf2.o)
                              c:/program files (x86)/atmel/studio/7.0/toolchain/arm/arm-gnu-toolchain/bin/../lib/gcc/arm-none-eabi/6.3.1/thumb/v6-m\libgcc.a(_arm_cmpdf2.o) (__ledf2)
c:/program files (x86)/atmel/studio/7.0/toolchain/arm/arm-gnu-toolchain/bin/../lib/gcc/arm-none-eabi/6.3.1/thumb/v6-m\libgcc.a(muldf3.o)
                              main.o (__aeabi_dmul)
c:/program files (x86)/atmel/studio/7.0/toolchain/arm/arm-gnu-toolchain/bin/../lib/gcc/arm-none-eabi/6.3.1/thumb/v6-m\libgcc.a(subdf3.o)
[...]
Memory Configuration

Name             Origin             Length             Attributes
rom              0x00000000         0x00040000         xr
ram              0x20000000         0x00008000         xrw
*default*        0x00000000         0xffffffff

Linker script and memory map

LOAD c:/program files (x86)/atmel/studio/7.0/toolchain/arm/arm-gnu-toolchain/bin/../lib/gcc/arm-none-eabi/6.3.1/thumb/v6-m/crti.o
LOAD c:/program files (x86)/atmel/studio/7.0/toolchain/arm/arm-gnu-toolchain/bin/../lib/gcc/arm-none-eabi/6.3.1/thumb/v6-m/crtbegin.o
LOAD c:/program files (x86)/atmel/studio/7.0/toolchain/arm/arm-gnu-toolchain/bin/../lib/gcc/arm-none-eabi/6.3.1/../../../../arm-none-eabi/lib/thumb/v6-m/crt0.o
LOAD Device_Startup/startup_samd21.o
LOAD Device_Startup/system_samd21.o
LOAD include/GPIOcontrol_3.o
LOAD main.o
LOAD mcp_can.o
LOAD source/croutine.o
LOAD source/event_groups.o
LOAD source/heap_2.o
LOAD source/list.o
LOAD source/myprintf.o
LOAD source/port.o
LOAD source/queue.o
LOAD source/stream_buffer.o
LOAD source/tasks.o
LOAD source/timers.o
LOAD source/uart.o
LOAD spi.o
START GROUP
LOAD c:/program files (x86)/atmel/studio/7.0/toolchain/arm/arm-gnu-toolchain/bin/../lib/gcc/arm-none-eabi/6.3.1/../../../../arm-none-eabi/lib/thumb/v6-m\libm.a
END GROUP
START GROUP
LOAD c:/program files (x86)/atmel/studio/7.0/toolchain/arm/arm-gnu-toolchain/bin/../lib/gcc/arm-none-eabi/6.3.1/thumb/v6-m\libgcc.a
LOAD c:/program files (x86)/atmel/studio/7.0/toolchain/arm/arm-gnu-toolchain/bin/../lib/gcc/arm-none-eabi/6.3.1/../../../../arm-none-eabi/lib/thumb/v6-m\libc.a
END GROUP
LOAD c:/program files (x86)/atmel/studio/7.0/toolchain/arm/arm-gnu-toolchain/bin/../lib/gcc/arm-none-eabi/6.3.1/thumb/v6-m/crtend.o
LOAD c:/program files (x86)/atmel/studio/7.0/toolchain/arm/arm-gnu-toolchain/bin/../lib/gcc/arm-none-eabi/6.3.1/thumb/v6-m/crtn.o
                0x00002000                STACK_SIZE = DEFINED (STACK_SIZE)?STACK_SIZE:DEFINED (__stack_size__)?__stack_size__:0x2000

.text           0x00000000     0x504c
                0x00000000                . = ALIGN (0x4)
                0x00000000                _sfixed = .
 *(.vectors .vectors.*)
 .vectors       0x00000000       0xb4 Device_Startup/startup_samd21.o
                0x00000000                exception_table
 *(.text .text.* .gnu.linkonce.t.*)
 .text          0x000000b4       0x60 c:/program files (x86)/atmel/studio/7.0/toolchain/arm/arm-gnu-toolchain/bin/../lib/gcc/arm-none-eabi/6.3.1/thumb/v6-m/crtbegin.o
 .text.Dummy_Handler
                0x00000114        0x2 Device_Startup/startup_samd21.o
                0x00000114                DMAC_Handler
                0x00000114                HardFault_Handler
                0x00000114                AC_Handler
                0x00000114                NMI_Handler
                0x00000114                SERCOM1_Handler
                0x00000114                ADC_Handler
                0x00000114                TCC1_Handler
                0x00000114                SERCOM2_Handler
                0x00000114                TCC0_Handler
                0x00000114                RTC_Handler
                0x00000114                EIC_Handler
                0x00000114                WDT_Handler
                0x00000114                TC4_Handler
                0x00000114                USB_Handler
                0x00000114                TC3_Handler
                0x00000114                Dummy_Handler
                0x00000114                PM_Handler
                0x00000114                SERCOM5_Handler
                0x00000114                SVC_Handler
                0x00000114                TCC2_Handler
                0x00000114                EVSYS_Handler
                0x00000114                SERCOM3_Handler
                0x00000114                SERCOM4_Handler
                0x00000114                I2S_Handler
                0x00000114                NVMCTRL_Handler
                0x00000114                SERCOM0_Handler
                0x00000114                DAC_Handler
                0x00000114                PTC_Handler
                0x00000114                TC5_Handler
                0x00000114                SYSCTRL_Handler
 *fill*         0x00000116        0x2 
 .text.Reset_Handler
                0x00000118       0xe4 Device_Startup/startup_samd21.o
                0x00000118                Reset_Handler
 .text.SystemInit
                0x000001fc       0x10 Device_Startup/system_samd21.o
                0x000001fc                SystemInit
 .text.InitDigOut
                0x0000020c       0x1c include/GPIOcontrol_3.o
                0x0000020c                InitDigOut
 .text.InitDigIn
                0x00000228       0x20 include/GPIOcontrol_3.o
                0x00000228                InitDigIn
 .text.recieveCANMessage
                0x00000248       0x94 main.o
                0x00000248                recieveCANMessage
 .text.initializeTimer
                0x000002dc       0x50 main.o
                0x000002dc                initializeTimer
 .text.delayMiliseconds
                0x0000032c       0x44 main.o
                0x0000032c                delayMiliseconds
 .text.sendBeepSignal
                0x00000370       0xf0 main.o
                0x00000370                sendBeepSignal
 .text.main     0x00000460      0x104 main.o
                0x00000460                main
 .text.mcp2515_reset
                0x00000564       0x28 mcp_can.o
                0x00000564                mcp2515_reset
 .text.mcp2515_readRegister
                0x0000058c       0x38 mcp_can.o
                0x0000058c                mcp2515_readRegister
 .text.mcp2515_readRegisterS
                0x000005c4       0x54 mcp_can.o
                0x000005c4                mcp2515_readRegisterS
 .text.mcp2515_setRegister
                0x00000618       0x34 mcp_can.o
                0x00000618                mcp2515_setRegister
 .text.mcp2515_setRegisterS
                0x0000064c       0x50 mcp_can.o
                0x0000064c                mcp2515_setRegisterS
 .text.mcp2515_modifyRegister
                0x0000069c       0x40 mcp_can.o
                0x0000069c                mcp2515_modifyRegister
 .text.mcp2515_readStatus
                0x000006dc       0x34 mcp_can.o
                0x000006dc                mcp2515_readStatus
 .text.mcp2515_setCANCTRL_Mode
                0x00000710       0x2c mcp_can.o
                0x00000710                mcp2515_setCANCTRL_Mode
 .text.mcp2515_configRate
                0x0000073c       0xb0 mcp_can.o
                0x0000073c                mcp2515_configRate
 .text.mcp2515_write_mf
                0x000007ec       0x5c mcp_can.o
                0x000007ec                mcp2515_write_mf
 .text.mcp2515_initCANBuffers
                0x00000848       0x84 mcp_can.o
                0x00000848                mcp2515_initCANBuffers
 .text.mcp2515_init
                0x000008cc       0xa8 mcp_can.o
                0x000008cc                mcp2515_init
 .text.mcp2515_read_id
                0x00000974       0x4c mcp_can.o
                0x00000974                mcp2515_read_id
 .text.mcp2515_read_canMsg
                0x000009c0       0x64 mcp_can.o
                0x000009c0                mcp2515_read_canMsg
 .text.init_Mask
                0x00000a24       0x80 mcp_can.o
                0x00000a24                init_Mask
 .text.init_Filt
                0x00000aa4       0xb0 mcp_can.o
                0x00000aa4                init_Filt
 .text.readMsg  0x00000b54       0x48 mcp_can.o
                0x00000b54                readMsg
 .text.readMsgBufID
                0x00000b9c       0x4c mcp_can.o
                0x00000b9c                readMsgBufID
 .text.canBegin
                0x00000be8       0x1c mcp_can.o
                0x00000be8                canBegin
 .text.pvPortMalloc
                0x00000c04       0xcc source/heap_2.o
                0x00000c04                pvPortMalloc
 .text.vPortFree
                0x00000cd0       0x48 source/heap_2.o
                0x00000cd0                vPortFree
 .text.vListInitialise
                0x00000d18       0x16 source/list.o
                0x00000d18                vListInitialise
 .text.vListInitialiseItem
                0x00000d2e        0x6 source/list.o
                0x00000d2e                vListInitialiseItem
 .text.vListInsertEnd
                0x00000d34       0x18 source/list.o
                0x00000d34                vListInsertEnd
 .text.vListInsert
                0x00000d4c       0x2e source/list.o
                0x00000d4c                vListInsert
 .text.uxListRemove
                0x00000d7a       0x28 source/list.o
                0x00000d7a                uxListRemove
 *fill*         0x00000da2        0x2 
 .text.out      0x00000da4       0x10 source/myprintf.o
 .text.outDgt   0x00000db4       0x2c source/myprintf.o
 .text.divOut   0x00000de0       0x44 source/myprintf.o
 .text.myputchar
                0x00000e24       0x2c source/myprintf.o
 .text.tfp_printf
                0x00000e50      0x1fc source/myprintf.o
                0x00000e50                tfp_printf
 .text.prvTaskExitError
                0x0000104c       0x24 source/port.o
 .text.vPortStartFirstTask
                0x00001070       0x34 source/port.o
 .text.pxPortInitialiseStack
                0x000010a4       0x20 source/port.o
                0x000010a4                pxPortInitialiseStack
 .text.xPortStartScheduler
                0x000010c4       0x64 source/port.o
                0x000010c4                xPortStartScheduler
 .text.vPortYield
                0x00001128       0x18 source/port.o
                0x00001128                vPortYield
 .text.vPortEnterCritical
                0x00001140       0x18 source/port.o
                0x00001140                vPortEnterCritical
 .text.vPortExitCritical
                0x00001158       0x20 source/port.o
                0x00001158                vPortExitCritical
 .text.ulSetInterruptMaskFromISR
                0x00001178        0x8 source/port.o
                0x00001178                ulSetInterruptMaskFromISR
 .text.vClearInterruptMaskFromISR
                0x00001180        0x6 source/port.o
                0x00001180                vClearInterruptMaskFromISR
 *fill*         0x00001186        0xa 
 .text.PendSV_Handler
                0x00001190       0x44 source/port.o
                0x00001190                PendSV_Handler
 .text.SysTick_Handler
                0x000011d4       0x30 source/port.o
                0x000011d4                SysTick_Handler
 .text.prvIsQueueEmpty
                0x00001204       0x1c source/queue.o
 .text.prvCopyDataToQueue
                0x00001220       0x7c source/queue.o
 .text.prvNotifyQueueSetContainer
                0x0000129c       0x68 source/queue.o
 .text.prvCopyDataFromQueue
                0x00001304       0x28 source/queue.o
 .text.prvUnlockQueue
                0x0000132c       0xb0 source/queue.o
 .text.xQueueGenericReset
                0x000013dc       0x7c source/queue.o
                0x000013dc                xQueueGenericReset
 .text.xQueueGenericCreate
                0x00001458       0x4c source/queue.o
                0x00001458                xQueueGenericCreate
 .text.xQueueGenericSend
                0x000014a4      0x18c source/queue.o
                0x000014a4                xQueueGenericSend
 .text.xQueueCreateMutex
                0x00001630       0x2c source/queue.o
                0x00001630                xQueueCreateMutex
 .text.xQueueGenericSendFromISR
                0x0000165c       0xd0 source/queue.o
                0x0000165c                xQueueGenericSendFromISR
 .text.xQueueReceive
                0x0000172c      0x154 source/queue.o
                0x0000172c                xQueueReceive
 .text.xQueueSemaphoreTake
                0x00001880      0x198 source/queue.o
                0x00001880                xQueueSemaphoreTake
 .text.vQueueAddToRegistry
                0x00001a18       0x30 source/queue.o
                0x00001a18                vQueueAddToRegistry
 .text.vQueueWaitForMessageRestricted
                0x00001a48       0x60 source/queue.o
                0x00001a48                vQueueWaitForMessageRestricted
 .text.prvResetNextTaskUnblockTime
                0x00001aa8       0x28 source/tasks.o
 .text.prvIdleTask
                0x00001ad0       0x6c source/tasks.o
 .text.prvAddCurrentTaskToDelayedList
                0x00001b3c       0x70 source/tasks.o
 .text.xTaskCreate
                0x00001bac      0x1d4 source/tasks.o
                0x00001bac                xTaskCreate
 .text.vTaskStartScheduler
                0x00001d80       0x68 source/tasks.o
                0x00001d80                vTaskStartScheduler
 .text.vTaskSuspendAll
                0x00001de8       0x10 source/tasks.o
                0x00001de8                vTaskSuspendAll
 .text.xTaskGetTickCount
                0x00001df8        0xc source/tasks.o
                0x00001df8                xTaskGetTickCount
 .text.xTaskIncrementTick
                0x00001e04      0x110 source/tasks.o
                0x00001e04                xTaskIncrementTick
 .text.xTaskResumeAll
                0x00001f14       0xf4 source/tasks.o
                0x00001f14                xTaskResumeAll
 .text.vTaskDelay
                0x00002008       0x40 source/tasks.o
                0x00002008                vTaskDelay
 .text.vTaskSwitchContext
                0x00002048       0x94 source/tasks.o
                0x00002048                vTaskSwitchContext
 .text.vTaskPlaceOnEventList
                0x000020dc       0x2c source/tasks.o
                0x000020dc                vTaskPlaceOnEventList
 .text.vTaskPlaceOnEventListRestricted
                0x00002108       0x38 source/tasks.o
                0x00002108                vTaskPlaceOnEventListRestricted
 .text.xTaskRemoveFromEventList
                0x00002140       0x80 source/tasks.o
                0x00002140                xTaskRemoveFromEventList
 .text.vTaskInternalSetTimeOutState
                0x000021c0       0x10 source/tasks.o
                0x000021c0                vTaskInternalSetTimeOutState
 .text.xTaskCheckForTimeOut
                0x000021d0       0x6c source/tasks.o
                0x000021d0                xTaskCheckForTimeOut
 .text.vTaskMissedYield
                0x0000223c        0xc source/tasks.o
                0x0000223c                vTaskMissedYield
 .text.xTaskGetSchedulerState
                0x00002248       0x1c source/tasks.o
                0x00002248                xTaskGetSchedulerState
 .text.xTaskPriorityInherit
                0x00002264       0x98 source/tasks.o
                0x00002264                xTaskPriorityInherit
 .text.xTaskPriorityDisinherit
                0x000022fc       0x7c source/tasks.o
                0x000022fc                xTaskPriorityDisinherit
 .text.vTaskPriorityDisinheritAfterTimeout
                0x00002378       0x8c source/tasks.o
                0x00002378                vTaskPriorityDisinheritAfterTimeout
 .text.pvTaskIncrementMutexHeldCount
                0x00002404       0x1c source/tasks.o
                0x00002404                pvTaskIncrementMutexHeldCount
 .text.prvInsertTimerInActiveList
                0x00002420       0x44 source/timers.o
 .text.prvCheckForValidListAndQueue
                0x00002464       0x60 source/timers.o
 .text.xTimerCreateTimerTask
                0x000024c4       0x48 source/timers.o
                0x000024c4                xTimerCreateTimerTask
 .text.xTimerGenericCommand
                0x0000250c       0x6c source/timers.o
                0x0000250c                xTimerGenericCommand
 .text.prvSampleTimeNow
                0x00002578       0xb0 source/timers.o
 .text.prvTimerTask
                0x00002628      0x180 source/timers.o
 .text.initUART
                0x000027a8       0x9c source/uart.o
                0x000027a8                initUART
 .text.initSPI  0x00002844       0x78 spi.o
                0x00002844                initSPI
 .text.spiSend  0x000028bc       0x28 spi.o
                0x000028bc                spiSend
 .text.spiSS    0x000028e4       0x44 spi.o
                0x000028e4                spiSS
 .text.spiSR    0x00002928       0x38 spi.o
                0x00002928                spiSR
 .text.log      0x00002960      0x110 c:/program files (x86)/atmel/studio/7.0/toolchain/arm/arm-gnu-toolchain/bin/../lib/gcc/arm-none-eabi/6.3.1/../../../../arm-none-eabi/lib/thumb/v6-m\libm.a(lib_a-w_log.o)
                0x00002960                log
 .text.__ieee754_log
                0x00002a70      0x404 c:/program files (x86)/atmel/studio/7.0/toolchain/arm/arm-gnu-toolchain/bin/../lib/gcc/arm-none-eabi/6.3.1/../../../../arm-none-eabi/lib/thumb/v6-m\libm.a(lib_a-e_log.o)
                0x00002a70                __ieee754_log
 .text.matherr  0x00002e74        0x4 c:/program files (x86)/atmel/studio/7.0/toolchain/arm/arm-gnu-toolchain/bin/../lib/gcc/arm-none-eabi/6.3.1/../../../../arm-none-eabi/lib/thumb/v6-m\libm.a(lib_a-s_matherr.o)
                0x00002e74                matherr
 .text.nan      0x00002e78        0xc c:/program files (x86)/atmel/studio/7.0/toolchain/arm/arm-gnu-toolchain/bin/../lib/gcc/arm-none-eabi/6.3.1/../../../../arm-none-eabi/lib/thumb/v6-m\libm.a(lib_a-s_nan.o)
                0x00002e78                nan
 .text          0x00002e84      0x114 c:/program files (x86)/atmel/studio/7.0/toolchain/arm/arm-gnu-toolchain/bin/../lib/gcc/arm-none-eabi/6.3.1/thumb/v6-m\libgcc.a(_udivsi3.o)
                0x00002e84                __aeabi_uidiv
                0x00002e84                __udivsi3
                0x00002f90                __aeabi_uidivmod
 .text          0x00002f98        0x4 c:/program files (x86)/atmel/studio/7.0/toolchain/arm/arm-gnu-toolchain/bin/../lib/gcc/arm-none-eabi/6.3.1/thumb/v6-m\libgcc.a(_dvmd_tls.o)
                0x00002f98                __aeabi_idiv0
                0x00002f98                __aeabi_ldiv0
 .text          0x00002f9c       0x7c c:/program files (x86)/atmel/studio/7.0/toolchain/arm/arm-gnu-toolchain/bin/../lib/gcc/arm-none-eabi/6.3.1/thumb/v6-m\libgcc.a(_arm_cmpdf2.o)
                0x00002f9c                __aeabi_cdrcmple
                0x00002fac                __aeabi_cdcmple
                0x00002fac                __aeabi_cdcmpeq
                0x00002fbc                __aeabi_dcmpeq
                0x00002fc8                __aeabi_dcmplt
                0x00002fdc                __aeabi_dcmple
                0x00002ff0                __aeabi_dcmpgt
                0x00003004                __aeabi_dcmpge
 .text          0x00003018       0x3c c:/program files (x86)/atmel/studio/7.0/toolchain/arm/arm-gnu-toolchain/bin/../lib/gcc/arm-none-eabi/6.3.1/thumb/v6-m\libgcc.a(_fixunsdfsi.o)
                0x00003018                __aeabi_d2uiz
                0x00003018                __fixunsdfsi
 .text          0x00003054      0x620 c:/program files (x86)/atmel/studio/7.0/toolchain/arm/arm-gnu-toolchain/bin/../lib/gcc/arm-none-eabi/6.3.1/thumb/v6-m\libgcc.a(adddf3.o)
                0x00003054                __aeabi_dadd
 .text          0x00003674      0x668 c:/program files (x86)/atmel/studio/7.0/toolchain/arm/arm-gnu-toolchain/bin/../lib/gcc/arm-none-eabi/6.3.1/thumb/v6-m\libgcc.a(divdf3.o)
                0x00003674                __aeabi_ddiv
 .text          0x00003cdc       0x74 c:/program files (x86)/atmel/studio/7.0/toolchain/arm/arm-gnu-toolchain/bin/../lib/gcc/arm-none-eabi/6.3.1/thumb/v6-m\libgcc.a(eqdf2.o)
                0x00003cdc                __nedf2
                0x00003cdc                __eqdf2
 .text          0x00003d50       0xc8 c:/program files (x86)/atmel/studio/7.0/toolchain/arm/arm-gnu-toolchain/bin/../lib/gcc/arm-none-eabi/6.3.1/thumb/v6-m\libgcc.a(gedf2.o)
                0x00003d50                __gedf2
                0x00003d50                __gtdf2
 .text          0x00003e18       0xc4 c:/program files (x86)/atmel/studio/7.0/toolchain/arm/arm-gnu-toolchain/bin/../lib/gcc/arm-none-eabi/6.3.1/thumb/v6-m\libgcc.a(ledf2.o)
                0x00003e18                __ledf2
                0x00003e18                __ltdf2
 .text          0x00003edc      0x500 c:/program files (x86)/atmel/studio/7.0/toolchain/arm/arm-gnu-toolchain/bin/../lib/gcc/arm-none-eabi/6.3.1/thumb/v6-m\libgcc.a(muldf3.o)
                0x00003edc                __aeabi_dmul
 .text          0x000043dc      0x62c c:/program files (x86)/atmel/studio/7.0/toolchain/arm/arm-gnu-toolchain/bin/../lib/gcc/arm-none-eabi/6.3.1/thumb/v6-m\libgcc.a(subdf3.o)
                0x000043dc                __aeabi_dsub
 .text          0x00004a08       0x40 c:/program files (x86)/atmel/studio/7.0/toolchain/arm/arm-gnu-toolchain/bin/../lib/gcc/arm-none-eabi/6.3.1/thumb/v6-m\libgcc.a(unorddf2.o)
                0x00004a08                __aeabi_dcmpun
 .text          0x00004a48       0x68 c:/program files (x86)/atmel/studio/7.0/toolchain/arm/arm-gnu-toolchain/bin/../lib/gcc/arm-none-eabi/6.3.1/thumb/v6-m\libgcc.a(fixdfsi.o)
                0x00004a48                __aeabi_d2iz
 .text          0x00004ab0       0x84 c:/program files (x86)/atmel/studio/7.0/toolchain/arm/arm-gnu-toolchain/bin/../lib/gcc/arm-none-eabi/6.3.1/thumb/v6-m\libgcc.a(floatsidf.o)
                0x00004ab0                __aeabi_i2d
 .text          0x00004b34       0x70 c:/program files (x86)/atmel/studio/7.0/toolchain/arm/arm-gnu-toolchain/bin/../lib/gcc/arm-none-eabi/6.3.1/thumb/v6-m\libgcc.a(floatunsidf.o)
                0x00004b34                __aeabi_ui2d
 .text          0x00004ba4       0x3c c:/program files (x86)/atmel/studio/7.0/toolchain/arm/arm-gnu-toolchain/bin/../lib/gcc/arm-none-eabi/6.3.1/thumb/v6-m\libgcc.a(_clzsi2.o)
                0x00004ba4                __clzsi2
 .text.__errno  0x00004be0        0xc c:/program files (x86)/atmel/studio/7.0/toolchain/arm/arm-gnu-toolchain/bin/../lib/gcc/arm-none-eabi/6.3.1/../../../../arm-none-eabi/lib/thumb/v6-m\libc.a(lib_a-errno.o)
                0x00004be0                __errno
 .text.__libc_init_array
                0x00004bec       0x48 c:/program files (x86)/atmel/studio/7.0/toolchain/arm/arm-gnu-toolchain/bin/../lib/gcc/arm-none-eabi/6.3.1/../../../../arm-none-eabi/lib/thumb/v6-m\libc.a(lib_a-init.o)
                0x00004bec                __libc_init_array
 .text.memcpy   0x00004c34       0x84 c:/program files (x86)/atmel/studio/7.0/toolchain/arm/arm-gnu-toolchain/bin/../lib/gcc/arm-none-eabi/6.3.1/../../../../arm-none-eabi/lib/thumb/v6-m\libc.a(lib_a-memcpy-stub.o)
                0x00004c34                memcpy
 .text.memset   0x00004cb8       0x94 c:/program files (x86)/atmel/studio/7.0/toolchain/arm/arm-gnu-toolchain/bin/../lib/gcc/arm-none-eabi/6.3.1/../../../../arm-none-eabi/lib/thumb/v6-m\libc.a(lib_a-memset.o)
                0x00004cb8                memset
 .text.startup.register_fini
                0x00004d4c       0x18 c:/program files (x86)/atmel/studio/7.0/toolchain/arm/arm-gnu-toolchain/bin/../lib/gcc/arm-none-eabi/6.3.1/../../../../arm-none-eabi/lib/thumb/v6-m\libc.a(lib_a-__call_atexit.o)
 .text.atexit   0x00004d64       0x10 c:/program files (x86)/atmel/studio/7.0/toolchain/arm/arm-gnu-toolchain/bin/../lib/gcc/arm-none-eabi/6.3.1/../../../../arm-none-eabi/lib/thumb/v6-m\libc.a(lib_a-atexit.o)
                0x00004d64                atexit
 .text.__libc_fini_array
                0x00004d74       0x34 c:/program files (x86)/atmel/studio/7.0/toolchain/arm/arm-gnu-toolchain/bin/../lib/gcc/arm-none-eabi/6.3.1/../../../../arm-none-eabi/lib/thumb/v6-m\libc.a(lib_a-fini.o)
                0x00004d74                __libc_fini_array
 .text.__retarget_lock_acquire_recursive
                0x00004da8        0x4 c:/program files (x86)/atmel/studio/7.0/toolchain/arm/arm-gnu-toolchain/bin/../lib/gcc/arm-none-eabi/6.3.1/../../../../arm-none-eabi/lib/thumb/v6-m\libc.a(lib_a-lock.o)
                0x00004da8                __retarget_lock_acquire_recursive
 .text.__retarget_lock_release_recursive
                0x00004dac        0x4 c:/program files (x86)/atmel/studio/7.0/toolchain/arm/arm-gnu-toolchain/bin/../lib/gcc/arm-none-eabi/6.3.1/../../../../arm-none-eabi/lib/thumb/v6-m\libc.a(lib_a-lock.o)
                0x00004dac                __retarget_lock_release_recursive
 .text.__register_exitproc
                0x00004db0       0xf4 c:/program files (x86)/atmel/studio/7.0/toolchain/arm/arm-gnu-toolchain/bin/../lib/gcc/arm-none-eabi/6.3.1/../../../../arm-none-eabi/lib/thumb/v6-m\libc.a(lib_a-__atexit.o)
                0x00004db0                __register_exitproc
 *(.glue_7t)
 .glue_7t       0x00004ea4        0x0 linker stubs
 *(.glue_7)
 .glue_7        0x00004ea4        0x0 linker stubs
 *(.rodata .rodata* .gnu.linkonce.r.*)
 .rodata.str1.4
                0x00004ea4       0x47 main.o
 *fill*         0x00004eeb        0x1 
 .rodata        0x00004eec       0x5c mcp_can.o
 .rodata.str1.4
                0x00004f48       0x17 source/tasks.o
 *fill*         0x00004f5f        0x1 
 .rodata        0x00004f60       0x28 source/timers.o
 .rodata.str1.4
                0x00004f88       0x10 source/timers.o
 .rodata        0x00004f98        0x8 spi.o
 .rodata.log.str1.4
                0x00004fa0        0x4 c:/program files (x86)/atmel/studio/7.0/toolchain/arm/arm-gnu-toolchain/bin/../lib/gcc/arm-none-eabi/6.3.1/../../../../arm-none-eabi/lib/thumb/v6-m\libm.a(lib_a-w_log.o)
                                  0x5 (size before relaxing)
 .rodata        0x00004fa4       0x40 c:/program files (x86)/atmel/studio/7.0/toolchain/arm/arm-gnu-toolchain/bin/../lib/gcc/arm-none-eabi/6.3.1/thumb/v6-m\libgcc.a(divdf3.o)
 .rodata        0x00004fe4       0x40 c:/program files (x86)/atmel/studio/7.0/toolchain/arm/arm-gnu-toolchain/bin/../lib/gcc/arm-none-eabi/6.3.1/thumb/v6-m\libgcc.a(muldf3.o)
 .rodata._global_impure_ptr
                0x00005024        0x4 c:/program files (x86)/atmel/studio/7.0/toolchain/arm/arm-gnu-toolchain/bin/../lib/gcc/arm-none-eabi/6.3.1/../../../../arm-none-eabi/lib/thumb/v6-m\libc.a(lib_a-impure.o)
                0x00005024                _global_impure_ptr
 *(.ARM.extab* .gnu.linkonce.armextab.*)
                0x00005028                . = ALIGN (0x4)
 *(.init)
 .init          0x00005028        0x4 c:/program files (x86)/atmel/studio/7.0/toolchain/arm/arm-gnu-toolchain/bin/../lib/gcc/arm-none-eabi/6.3.1/thumb/v6-m/crti.o
                0x00005028                _init
 .init          0x0000502c        0x8 c:/program files (x86)/atmel/studio/7.0/toolchain/arm/arm-gnu-toolchain/bin/../lib/gcc/arm-none-eabi/6.3.1/thumb/v6-m/crtn.o
                0x00005034                . = ALIGN (0x4)
                0x00005034                __preinit_array_start = .
 *(.preinit_array)
                0x00005034                __preinit_array_end = .
                0x00005034                . = ALIGN (0x4)
                0x00005034                __init_array_start = .
 *(SORT(.init_array.*))
 .init_array.00000
                0x00005034        0x4 c:/program files (x86)/atmel/studio/7.0/toolchain/arm/arm-gnu-toolchain/bin/../lib/gcc/arm-none-eabi/6.3.1/../../../../arm-none-eabi/lib/thumb/v6-m\libc.a(lib_a-__call_atexit.o)
 *(.init_array)
 .init_array    0x00005038        0x4 c:/program files (x86)/atmel/studio/7.0/toolchain/arm/arm-gnu-toolchain/bin/../lib/gcc/arm-none-eabi/6.3.1/thumb/v6-m/crtbegin.o
                0x0000503c                __init_array_end = .
                0x0000503c                . = ALIGN (0x4)
 *crtbegin.o(.ctors)
 *(EXCLUDE_FILE(*crtend.o) .ctors)
 *(SORT(.ctors.*))
 *crtend.o(.ctors)
                0x0000503c                . = ALIGN (0x4)
 *(.fini)
 .fini          0x0000503c        0x4 c:/program files (x86)/atmel/studio/7.0/toolchain/arm/arm-gnu-toolchain/bin/../lib/gcc/arm-none-eabi/6.3.1/thumb/v6-m/crti.o
                0x0000503c                _fini
 .fini          0x00005040        0x8 c:/program files (x86)/atmel/studio/7.0/toolchain/arm/arm-gnu-toolchain/bin/../lib/gcc/arm-none-eabi/6.3.1/thumb/v6-m/crtn.o
                0x00005048                . = ALIGN (0x4)
                0x00005048                __fini_array_start = .
 *(.fini_array)
 .fini_array    0x00005048        0x4 c:/program files (x86)/atmel/studio/7.0/toolchain/arm/arm-gnu-toolchain/bin/../lib/gcc/arm-none-eabi/6.3.1/thumb/v6-m/crtbegin.o
 *(SORT(.fini_array.*))
                0x0000504c                __fini_array_end = .
 *crtbegin.o(.dtors)
 *(EXCLUDE_FILE(*crtend.o) .dtors)
 *(SORT(.dtors.*))
 *crtend.o(.dtors)
                0x0000504c                . = ALIGN (0x4)
                0x0000504c                _efixed = .
                [!provide]                PROVIDE (__exidx_start, .)

.vfp11_veneer   0x0000504c        0x0
 .vfp11_veneer  0x0000504c        0x0 linker stubs

.v4_bx          0x0000504c        0x0
 .v4_bx         0x0000504c        0x0 linker stubs

.iplt           0x0000504c        0x0
 .iplt          0x0000504c        0x0 c:/program files (x86)/atmel/studio/7.0/toolchain/arm/arm-gnu-toolchain/bin/../lib/gcc/arm-none-eabi/6.3.1/thumb/v6-m/crtbegin.o

.eh_frame       0x0000504c        0x0
 .eh_frame      0x0000504c        0x0 c:/program files (x86)/atmel/studio/7.0/toolchain/arm/arm-gnu-toolchain/bin/../lib/gcc/arm-none-eabi/6.3.1/thumb/v6-m/crtbegin.o

.rel.dyn        0x0000504c        0x0
 .rel.iplt      0x0000504c        0x0 c:/program files (x86)/atmel/studio/7.0/toolchain/arm/arm-gnu-toolchain/bin/../lib/gcc/arm-none-eabi/6.3.1/thumb/v6-m/crtbegin.o

.jcr            0x0000504c        0x0
 .jcr           0x0000504c        0x0 c:/program files (x86)/atmel/studio/7.0/toolchain/arm/arm-gnu-toolchain/bin/../lib/gcc/arm-none-eabi/6.3.1/thumb/v6-m/crtbegin.o

.igot.plt       0x0000504c        0x0
 .igot.plt      0x0000504c        0x0 c:/program files (x86)/atmel/studio/7.0/toolchain/arm/arm-gnu-toolchain/bin/../lib/gcc/arm-none-eabi/6.3.1/thumb/v6-m/crtbegin.o

.ARM.exidx
 *(.ARM.exidx* .gnu.linkonce.armexidx.*)
                [!provide]                PROVIDE (__exidx_end, .)
                0x0000504c                . = ALIGN (0x4)
                0x0000504c                _etext = .

.relocate       0x20000000      0x444 load address 0x0000504c
                0x20000000                . = ALIGN (0x4)
                0x20000000                _srelocate = .
 *(.ramfunc .ramfunc.*)
 *(.data .data.*)
 .data          0x20000000        0x4 Device_Startup/system_samd21.o
                0x20000000                SystemCoreClock
 .data          0x20000004        0x4 source/heap_2.o
 .data          0x20000008        0x4 source/port.o
 .data.__fdlib_version
                0x2000000c        0x1 c:/program files (x86)/atmel/studio/7.0/toolchain/arm/arm-gnu-toolchain/bin/../lib/gcc/arm-none-eabi/6.3.1/../../../../arm-none-eabi/lib/thumb/v6-m\libm.a(lib_a-s_lib_ver.o)
                0x2000000c                __fdlib_version
 *fill*         0x2000000d        0x3 
 .data._impure_ptr
                0x20000010        0x4 c:/program files (x86)/atmel/studio/7.0/toolchain/arm/arm-gnu-toolchain/bin/../lib/gcc/arm-none-eabi/6.3.1/../../../../arm-none-eabi/lib/thumb/v6-m\libc.a(lib_a-impure.o)
                0x20000010                _impure_ptr
 *fill*         0x20000014        0x4 
 .data.impure_data
                0x20000018      0x428 c:/program files (x86)/atmel/studio/7.0/toolchain/arm/arm-gnu-toolchain/bin/../lib/gcc/arm-none-eabi/6.3.1/../../../../arm-none-eabi/lib/thumb/v6-m\libc.a(lib_a-impure.o)
 .data.__atexit_recursive_mutex
                0x20000440        0x4 c:/program files (x86)/atmel/studio/7.0/toolchain/arm/arm-gnu-toolchain/bin/../lib/gcc/arm-none-eabi/6.3.1/../../../../arm-none-eabi/lib/thumb/v6-m\libc.a(lib_a-__call_atexit.o)
                0x20000440                __atexit_recursive_mutex
                0x20000444                . = ALIGN (0x4)
                0x20000444                _erelocate = .

.bss            0x20000444     0x40a4 load address 0x00005490
                0x20000444                . = ALIGN (0x4)
                0x20000444                _sbss = .
                0x20000444                _szero = .
 *(.bss .bss.*)
 .bss           0x20000444       0x1c c:/program files (x86)/atmel/studio/7.0/toolchain/arm/arm-gnu-toolchain/bin/../lib/gcc/arm-none-eabi/6.3.1/thumb/v6-m/crtbegin.o
 .bss           0x20000460        0x9 main.o
                0x20000460                distanceSemaphore
                0x20000464                access_myprintf
                0x20000468                canSlave
 *fill*         0x20000469        0x3 
 .bss           0x2000046c     0x3e94 source/heap_2.o
 .bss           0x20004300       0x18 source/myprintf.o
 .bss           0x20004318      0x104 source/tasks.o
                0x200043cc                pxCurrentTCB
 .bss           0x2000441c       0x3c source/timers.o
 *(COMMON)
 COMMON         0x20004458       0x1a main.o
                0x20004458                length
                0x2000445c                distance
                0x20004460                delay
                0x20004462                result
                0x20004464                stmp
                0x2000446c                tmpDist
                0x20004470                canID
 *fill*         0x20004472        0x2 
 COMMON         0x20004474       0x10 mcp_can.o
                0x20004474                m_nRtr
                0x20004476                m_nID
                0x20004478                m_nDta
                0x20004480                m_nExtFlg
                0x20004481                m_nfilhit
                0x20004482                device
                0x20004483                m_nDlc
 COMMON         0x20004484       0x40 source/queue.o
                0x20004484                xQueueRegistry
 COMMON         0x200044c4       0x21 c:/program files (x86)/atmel/studio/7.0/toolchain/arm/arm-gnu-toolchain/bin/../lib/gcc/arm-none-eabi/6.3.1/../../../../arm-none-eabi/lib/thumb/v6-m\libc.a(lib_a-lock.o)
                0x200044c4                __lock___atexit_recursive_mutex
                0x200044c8                __lock___arc4random_mutex
                0x200044cc                __lock___env_recursive_mutex
                0x200044d0                __lock___sinit_recursive_mutex
                0x200044d4                __lock___malloc_recursive_mutex
                0x200044d8                __lock___at_quick_exit_mutex
                0x200044dc                __lock___dd_hash_mutex
                0x200044e0                __lock___tz_mutex
                0x200044e4                __lock___sfp_recursive_mutex
                0x200044e8                . = ALIGN (0x4)
 *fill*         0x200044e5        0x3 
                0x200044e8                _ebss = .
                0x200044e8                _ezero = .

.stack          0x200044e8     0x2000 load address 0x00009534
                0x200044e8                . = ALIGN (0x8)
                0x200044e8                _sstack = .
                0x200064e8                . = (. + STACK_SIZE)
 *fill*         0x200044e8     0x2000 
                0x200064e8                . = ALIGN (0x8)
                0x200064e8                _estack = .
                0x200064e8                . = ALIGN (0x4)
                0x200064e8                _end = .
OUTPUT(labCAN 8.elf elf32-littlearm)

.ARM.attributes
                0x00000000       0x28
 .ARM.attributes
                0x00000000       0x1e c:/program files (x86)/atmel/studio/7.0/toolchain/arm/arm-gnu-toolchain/bin/../lib/gcc/arm-none-eabi/6.3.1/thumb/v6-m/crti.o
 .ARM.attributes
                0x0000001e       0x2c c:/program files (x86)/atmel/studio/7.0/toolchain/arm/arm-gnu-toolchain/bin/../lib/gcc/arm-none-eabi/6.3.1/thumb/v6-m/crtbegin.o
 .ARM.attributes
                0x0000004a       0x32 Device_Startup/startup_samd21.o
 .ARM.attributes
                0x0000007c       0x32 Device_Startup/system_samd21.o
 .ARM.attributes
                0x000000ae       0x32 include/GPIOcontrol_3.o
 .ARM.attributes
                0x000000e0       0x32 main.o
 .ARM.attributes
                0x00000112       0x32 mcp_can.o
 .ARM.attributes
                0x00000144       0x32 source/heap_2.o
 .ARM.attributes
                0x00000176       0x32 source/list.o
 .ARM.attributes
                0x000001a8       0x32 source/myprintf.o
 .ARM.attributes
                0x000001da       0x32 source/port.o
 .ARM.attributes
                0x0000020c       0x32 source/queue.o
 .ARM.attributes
                0x0000023e       0x32 source/tasks.o
 .ARM.attributes
                0x00000270       0x32 source/timers.o
 .ARM.attributes
                0x000002a2       0x32 source/uart.o
 .ARM.attributes
                0x000002d4       0x32 spi.o
 .ARM.attributes
                0x00000306       0x2c c:/program files (x86)/atmel/studio/7.0/toolchain/arm/arm-gnu-toolchain/bin/../lib/gcc/arm-none-eabi/6.3.1/../../../../arm-none-eabi/lib/thumb/v6-m\libm.a(lib_a-w_log.o)
 .ARM.attributes
                0x00000332       0x2c c:/program files (x86)/atmel/studio/7.0/toolchain/arm/arm-gnu-toolchain/bin/../lib/gcc/arm-none-eabi/6.3.1/../../../../arm-none-eabi/lib/thumb/v6-m\libm.a(lib_a-e_log.o)
 .ARM.attributes
                0x0000035e       0x2c c:/program files (x86)/atmel/studio/7.0/toolchain/arm/arm-gnu-toolchain/bin/../lib/gcc/arm-none-eabi/6.3.1/../../../../arm-none-eabi/lib/thumb/v6-m\libm.a(lib_a-s_lib_ver.o)
 .ARM.attributes
                0x0000038a       0x2c c:/program files (x86)/atmel/studio/7.0/toolchain/arm/arm-gnu-toolchain/bin/../lib/gcc/arm-none-eabi/6.3.1/../../../../arm-none-eabi/lib/thumb/v6-m\libm.a(lib_a-s_matherr.o)
 .ARM.attributes
                0x000003b6       0x2c c:/program files (x86)/atmel/studio/7.0/toolchain/arm/arm-gnu-toolchain/bin/../lib/gcc/arm-none-eabi/6.3.1/../../../../arm-none-eabi/lib/thumb/v6-m\libm.a(lib_a-s_nan.o)
 .ARM.attributes
                0x000003e2       0x1e c:/program files (x86)/atmel/studio/7.0/toolchain/arm/arm-gnu-toolchain/bin/../lib/gcc/arm-none-eabi/6.3.1/thumb/v6-m\libgcc.a(_udivsi3.o)
 .ARM.attributes
                0x00000400       0x1e c:/program files (x86)/atmel/studio/7.0/toolchain/arm/arm-gnu-toolchain/bin/../lib/gcc/arm-none-eabi/6.3.1/thumb/v6-m\libgcc.a(_dvmd_tls.o)
 .ARM.attributes
                0x0000041e       0x1e c:/program files (x86)/atmel/studio/7.0/toolchain/arm/arm-gnu-toolchain/bin/../lib/gcc/arm-none-eabi/6.3.1/thumb/v6-m\libgcc.a(_arm_cmpdf2.o)
 .ARM.attributes
                0x0000043c       0x2c c:/program files (x86)/atmel/studio/7.0/toolchain/arm/arm-gnu-toolchain/bin/../lib/gcc/arm-none-eabi/6.3.1/thumb/v6-m\libgcc.a(_fixunsdfsi.o)
 .ARM.attributes
                0x00000468       0x2c c:/program files (x86)/atmel/studio/7.0/toolchain/arm/arm-gnu-toolchain/bin/../lib/gcc/arm-none-eabi/6.3.1/thumb/v6-m\libgcc.a(adddf3.o)
 .ARM.attributes
                0x00000494       0x2c c:/program files (x86)/atmel/studio/7.0/toolchain/arm/arm-gnu-toolchain/bin/../lib/gcc/arm-none-eabi/6.3.1/thumb/v6-m\libgcc.a(divdf3.o)
 .ARM.attributes
                0x000004c0       0x2c c:/program files (x86)/atmel/studio/7.0/toolchain/arm/arm-gnu-toolchain/bin/../lib/gcc/arm-none-eabi/6.3.1/thumb/v6-m\libgcc.a(eqdf2.o)
 .ARM.attributes
                0x000004ec       0x2c c:/program files (x86)/atmel/studio/7.0/toolchain/arm/arm-gnu-toolchain/bin/../lib/gcc/arm-none-eabi/6.3.1/thumb/v6-m\libgcc.a(gedf2.o)
 .ARM.attributes
                0x00000518       0x2c c:/program files (x86)/atmel/studio/7.0/toolchain/arm/arm-gnu-toolchain/bin/../lib/gcc/arm-none-eabi/6.3.1/thumb/v6-m\libgcc.a(ledf2.o)
 .ARM.attributes
                0x00000544       0x2c c:/program files (x86)/atmel/studio/7.0/toolchain/arm/arm-gnu-toolchain/bin/../lib/gcc/arm-none-eabi/6.3.1/thumb/v6-m\libgcc.a(muldf3.o)
 .ARM.attributes
                0x00000570       0x2c c:/program files (x86)/atmel/studio/7.0/toolchain/arm/arm-gnu-toolchain/bin/../lib/gcc/arm-none-eabi/6.3.1/thumb/v6-m\libgcc.a(subdf3.o)
 .ARM.attributes
                0x0000059c       0x2c c:/program files (x86)/atmel/studio/7.0/toolchain/arm/arm-gnu-toolchain/bin/../lib/gcc/arm-none-eabi/6.3.1/thumb/v6-m\libgcc.a(unorddf2.o)
 .ARM.attributes
                0x000005c8       0x2c c:/program files (x86)/atmel/studio/7.0/toolchain/arm/arm-gnu-toolchain/bin/../lib/gcc/arm-none-eabi/6.3.1/thumb/v6-m\libgcc.a(fixdfsi.o)
 .ARM.attributes
                0x000005f4       0x2c c:/program files (x86)/atmel/studio/7.0/toolchain/arm/arm-gnu-toolchain/bin/../lib/gcc/arm-none-eabi/6.3.1/thumb/v6-m\libgcc.a(floatsidf.o)
 .ARM.attributes
                0x00000620       0x2c c:/program files (x86)/atmel/studio/7.0/toolchain/arm/arm-gnu-toolchain/bin/../lib/gcc/arm-none-eabi/6.3.1/thumb/v6-m\libgcc.a(floatunsidf.o)
 .ARM.attributes
                0x0000064c       0x1e c:/program files (x86)/atmel/studio/7.0/toolchain/arm/arm-gnu-toolchain/bin/../lib/gcc/arm-none-eabi/6.3.1/thumb/v6-m\libgcc.a(_clzsi2.o)
 .ARM.attributes
                0x0000066a       0x2c c:/program files (x86)/atmel/studio/7.0/toolchain/arm/arm-gnu-toolchain/bin/../lib/gcc/arm-none-eabi/6.3.1/../../../../arm-none-eabi/lib/thumb/v6-m\libc.a(lib_a-errno.o)
 .ARM.attributes
                0x00000696       0x2c c:/program files (x86)/atmel/studio/7.0/toolchain/arm/arm-gnu-toolchain/bin/../lib/gcc/arm-none-eabi/6.3.1/../../../../arm-none-eabi/lib/thumb/v6-m\libc.a(lib_a-impure.o)
 .ARM.attributes
                0x000006c2       0x2c c:/program files (x86)/atmel/studio/7.0/toolchain/arm/arm-gnu-toolchain/bin/../lib/gcc/arm-none-eabi/6.3.1/../../../../arm-none-eabi/lib/thumb/v6-m\libc.a(lib_a-init.o)
 .ARM.attributes
                0x000006ee       0x2c c:/program files (x86)/atmel/studio/7.0/toolchain/arm/arm-gnu-toolchain/bin/../lib/gcc/arm-none-eabi/6.3.1/../../../../arm-none-eabi/lib/thumb/v6-m\libc.a(lib_a-memcpy-stub.o)
 .ARM.attributes
                0x0000071a       0x2c c:/program files (x86)/atmel/studio/7.0/toolchain/arm/arm-gnu-toolchain/bin/../lib/gcc/arm-none-eabi/6.3.1/../../../../arm-none-eabi/lib/thumb/v6-m\libc.a(lib_a-memset.o)
 .ARM.attributes
                0x00000746       0x2c c:/program files (x86)/atmel/studio/7.0/toolchain/arm/arm-gnu-toolchain/bin/../lib/gcc/arm-none-eabi/6.3.1/../../../../arm-none-eabi/lib/thumb/v6-m\libc.a(lib_a-__call_atexit.o)
 .ARM.attributes
                0x00000772       0x2c c:/program files (x86)/atmel/studio/7.0/toolchain/arm/arm-gnu-toolchain/bin/../lib/gcc/arm-none-eabi/6.3.1/../../../../arm-none-eabi/lib/thumb/v6-m\libc.a(lib_a-atexit.o)
 .ARM.attributes
                0x0000079e       0x2c c:/program files (x86)/atmel/studio/7.0/toolchain/arm/arm-gnu-toolchain/bin/../lib/gcc/arm-none-eabi/6.3.1/../../../../arm-none-eabi/lib/thumb/v6-m\libc.a(lib_a-fini.o)
 .ARM.attributes
                0x000007ca       0x2c c:/program files (x86)/atmel/studio/7.0/toolchain/arm/arm-gnu-toolchain/bin/../lib/gcc/arm-none-eabi/6.3.1/../../../../arm-none-eabi/lib/thumb/v6-m\libc.a(lib_a-lock.o)
 .ARM.attributes
                0x000007f6       0x2c c:/program files (x86)/atmel/studio/7.0/toolchain/arm/arm-gnu-toolchain/bin/../lib/gcc/arm-none-eabi/6.3.1/../../../../arm-none-eabi/lib/thumb/v6-m\libc.a(lib_a-__atexit.o)
 .ARM.attributes
                0x00000822       0x1e c:/program files (x86)/atmel/studio/7.0/toolchain/arm/arm-gnu-toolchain/bin/../lib/gcc/arm-none-eabi/6.3.1/thumb/v6-m/crtn.o

.comment        0x00000000       0x59
 .comment       0x00000000       0x59 Device_Startup/startup_samd21.o
                                 0x5a (size before relaxing)
 .comment       0x00000059       0x5a Device_Startup/system_samd21.o
 .comment       0x00000059       0x5a include/GPIOcontrol_3.o
 .comment       0x00000059       0x5a main.o
 .comment       0x00000059       0x5a mcp_can.o
 .comment       0x00000059       0x5a source/heap_2.o
 .comment       0x00000059       0x5a source/list.o
 .comment       0x00000059       0x5a source/myprintf.o
 .comment       0x00000059       0x5a source/port.o
 .comment       0x00000059       0x5a source/queue.o
 .comment       0x00000059       0x5a source/tasks.o
 .comment       0x00000059       0x5a source/timers.o
 .comment       0x00000059       0x5a source/uart.o
 .comment       0x00000059       0x5a spi.o

.debug_info     0x00000000    0x1a7a4
 .debug_info    0x00000000     0x3a28 Device_Startup/startup_samd21.o
 .debug_info    0x00003a28       0xd5 Device_Startup/system_samd21.o
 .debug_info    0x00003afd      0x7ea include/GPIOcontrol_3.o
 .debug_info    0x000042e7     0x4037 main.o
 .debug_info    0x0000831e     0x154a mcp_can.o
 .debug_info    0x00009868      0xc6a source/heap_2.o
 .debug_info    0x0000a4d2      0xbd6 source/list.o
 .debug_info    0x0000b0a8     0x2576 source/myprintf.o
 .debug_info    0x0000d61e      0x303 source/port.o
 .debug_info    0x0000d921     0x26e0 source/queue.o
 .debug_info    0x00010001     0x2f16 source/tasks.o
 .debug_info    0x00012f17     0x18e4 source/timers.o
 .debug_info    0x000147fb     0x2f5e source/uart.o
 .debug_info    0x00017759     0x304b spi.o

.debug_abbrev   0x00000000     0x23c8
 .debug_abbrev  0x00000000      0x234 Device_Startup/startup_samd21.o
 .debug_abbrev  0x00000234       0x72 Device_Startup/system_samd21.o
 .debug_abbrev  0x000002a6      0x1ad include/GPIOcontrol_3.o
 .debug_abbrev  0x00000453      0x3a0 main.o
 .debug_abbrev  0x000007f3      0x252 mcp_can.o
 .debug_abbrev  0x00000a45      0x2aa source/heap_2.o
 .debug_abbrev  0x00000cef      0x221 source/list.o
 .debug_abbrev  0x00000f10      0x3ba source/myprintf.o
 .debug_abbrev  0x000012ca      0x1c8 source/port.o
 .debug_abbrev  0x00001492      0x3c3 source/queue.o
 .debug_abbrev  0x00001855      0x421 source/tasks.o
 .debug_abbrev  0x00001c76      0x3b9 source/timers.o
 .debug_abbrev  0x0000202f      0x188 source/uart.o
 .debug_abbrev  0x000021b7      0x211 spi.o

.debug_loc      0x00000000     0x7972
 .debug_loc     0x00000000       0x40 Device_Startup/startup_samd21.o
 .debug_loc     0x00000040       0xd7 include/GPIOcontrol_3.o
 .debug_loc     0x00000117      0x123 main.o
 .debug_loc     0x0000023a     0x166f mcp_can.o
 .debug_loc     0x000018a9      0x264 source/heap_2.o
 .debug_loc     0x00001b0d       0x72 source/list.o
 .debug_loc     0x00001b7f      0xb30 source/myprintf.o
 .debug_loc     0x000026af      0x133 source/port.o
 .debug_loc     0x000027e2     0x1f2b source/queue.o
 .debug_loc     0x0000470d     0x2527 source/tasks.o
 .debug_loc     0x00006c34      0xc1a source/timers.o
 .debug_loc     0x0000784e      0x124 spi.o

.debug_aranges  0x00000000      0x748
 .debug_aranges
                0x00000000       0x28 Device_Startup/startup_samd21.o
 .debug_aranges
                0x00000028       0x28 Device_Startup/system_samd21.o
 .debug_aranges
                0x00000050       0x38 include/GPIOcontrol_3.o
 .debug_aranges
                0x00000088       0x50 main.o
 .debug_aranges
                0x000000d8      0x120 mcp_can.o
 .debug_aranges
                0x000001f8       0x38 source/heap_2.o
 .debug_aranges
                0x00000230       0x40 source/list.o
 .debug_aranges
                0x00000270       0x68 source/myprintf.o
 .debug_aranges
                0x000002d8       0x80 source/port.o
 .debug_aranges
                0x00000358      0x140 source/queue.o
 .debug_aranges
                0x00000498      0x1c0 source/tasks.o
 .debug_aranges
                0x00000658       0x98 source/timers.o
 .debug_aranges
                0x000006f0       0x20 source/uart.o
 .debug_aranges
                0x00000710       0x38 spi.o

.debug_ranges   0x00000000      0x900
 .debug_ranges  0x00000000       0x18 Device_Startup/startup_samd21.o
 .debug_ranges  0x00000018       0x18 Device_Startup/system_samd21.o
 .debug_ranges  0x00000030       0x28 include/GPIOcontrol_3.o
 .debug_ranges  0x00000058       0x40 main.o
 .debug_ranges  0x00000098      0x110 mcp_can.o
 .debug_ranges  0x000001a8       0x28 source/heap_2.o
 .debug_ranges  0x000001d0       0x30 source/list.o
 .debug_ranges  0x00000200       0xb0 source/myprintf.o
 .debug_ranges  0x000002b0       0x70 source/port.o
 .debug_ranges  0x00000320      0x220 source/queue.o
 .debug_ranges  0x00000540      0x2c8 source/tasks.o
 .debug_ranges  0x00000808       0xc0 source/timers.o
 .debug_ranges  0x000008c8       0x10 source/uart.o
 .debug_ranges  0x000008d8       0x28 spi.o

.debug_macro    0x00000000    0x147fa
 .debug_macro   0x00000000      0x2e3 Device_Startup/startup_samd21.o
 .debug_macro   0x000002e3      0x89e Device_Startup/startup_samd21.o
 .debug_macro   0x00000b81       0x22 Device_Startup/startup_samd21.o
 .debug_macro   0x00000ba3       0x87 Device_Startup/startup_samd21.o
 .debug_macro   0x00000c2a       0x51 Device_Startup/startup_samd21.o
 .debug_macro   0x00000c7b       0xef Device_Startup/startup_samd21.o
 .debug_macro   0x00000d6a       0x6a Device_Startup/startup_samd21.o
 .debug_macro   0x00000dd4      0x1df Device_Startup/startup_samd21.o
 .debug_macro   0x00000fb3       0x40 Device_Startup/startup_samd21.o
 .debug_macro   0x00000ff3       0x28 Device_Startup/startup_samd21.o
 .debug_macro   0x0000101b       0x85 Device_Startup/startup_samd21.o
 .debug_macro   0x000010a0      0x375 Device_Startup/startup_samd21.o
 .debug_macro   0x00001415      0x67e Device_Startup/startup_samd21.o
 .debug_macro   0x00001a93      0x8b1 Device_Startup/startup_samd21.o
 .debug_macro   0x00002344      0x22e Device_Startup/startup_samd21.o
 .debug_macro   0x00002572      0xd5c Device_Startup/startup_samd21.o
 .debug_macro   0x000032ce      0x4dc Device_Startup/startup_samd21.o
 .debug_macro   0x000037aa      0x9f6 Device_Startup/startup_samd21.o
 .debug_macro   0x000041a0      0x82b Device_Startup/startup_samd21.o
 .debug_macro   0x000049cb      0x45f Device_Startup/startup_samd21.o
 .debug_macro   0x00004e2a       0x5e Device_Startup/startup_samd21.o
 .debug_macro   0x00004e88      0x8f9 Device_Startup/startup_samd21.o
 .debug_macro   0x00005781      0x21c Device_Startup/startup_samd21.o
 .debug_macro   0x0000599d      0x735 Device_Startup/startup_samd21.o
 .debug_macro   0x000060d2       0x5e Device_Startup/startup_samd21.o
 .debug_macro   0x00006130      0x632 Device_Startup/startup_samd21.o
 .debug_macro   0x00006762      0x3ac Device_Startup/startup_samd21.o
 .debug_macro   0x00006b0e      0xc76 Device_Startup/startup_samd21.o
 .debug_macro   0x00007784     0x1092 Device_Startup/startup_samd21.o
 .debug_macro   0x00008816      0xc4a Device_Startup/startup_samd21.o
 .debug_macro   0x00009460      0x6ba Device_Startup/startup_samd21.o
 .debug_macro   0x00009b1a     0x1b3d Device_Startup/startup_samd21.o
 .debug_macro   0x0000b657     0x143c Device_Startup/startup_samd21.o
 .debug_macro   0x0000ca93      0x340 Device_Startup/startup_samd21.o
 .debug_macro   0x0000cdd3       0x7c Device_Startup/startup_samd21.o
 .debug_macro   0x0000ce4f       0xa0 Device_Startup/startup_samd21.o
 .debug_macro   0x0000ceef       0x4c Device_Startup/startup_samd21.o
 .debug_macro   0x0000cf3b       0xca Device_Startup/startup_samd21.o
 .debug_macro   0x0000d005       0x94 Device_Startup/startup_samd21.o
 .debug_macro   0x0000d099       0x58 Device_Startup/startup_samd21.o
 .debug_macro   0x0000d0f1      0x341 Device_Startup/startup_samd21.o
 .debug_macro   0x0000d432       0x82 Device_Startup/startup_samd21.o
 .debug_macro   0x0000d4b4      0x189 Device_Startup/startup_samd21.o
 .debug_macro   0x0000d63d       0xb8 Device_Startup/startup_samd21.o
 .debug_macro   0x0000d6f5       0xa0 Device_Startup/startup_samd21.o
 .debug_macro   0x0000d795       0xb2 Device_Startup/startup_samd21.o
 .debug_macro   0x0000d847       0x1c Device_Startup/startup_samd21.o
 .debug_macro   0x0000d863       0x1c Device_Startup/startup_samd21.o
 .debug_macro   0x0000d87f       0x1c Device_Startup/startup_samd21.o
 .debug_macro   0x0000d89b       0x7c Device_Startup/startup_samd21.o
 .debug_macro   0x0000d917      0x15a Device_Startup/startup_samd21.o
 .debug_macro   0x0000da71       0xdc Device_Startup/startup_samd21.o
 .debug_macro   0x0000db4d      0x124 Device_Startup/startup_samd21.o
 .debug_macro   0x0000dc71      0x124 Device_Startup/startup_samd21.o
 .debug_macro   0x0000dd95      0x124 Device_Startup/startup_samd21.o
 .debug_macro   0x0000deb9      0x124 Device_Startup/startup_samd21.o
 .debug_macro   0x0000dfdd      0x124 Device_Startup/startup_samd21.o
 .debug_macro   0x0000e101      0x124 Device_Startup/startup_samd21.o
 .debug_macro   0x0000e225      0x124 Device_Startup/startup_samd21.o
 .debug_macro   0x0000e349       0xe2 Device_Startup/startup_samd21.o
 .debug_macro   0x0000e42b       0xe2 Device_Startup/startup_samd21.o
 .debug_macro   0x0000e50d       0xe2 Device_Startup/startup_samd21.o
 .debug_macro   0x0000e5ef      0x12a Device_Startup/startup_samd21.o
 .debug_macro   0x0000e719      0x100 Device_Startup/startup_samd21.o
 .debug_macro   0x0000e819       0xf4 Device_Startup/startup_samd21.o
 .debug_macro   0x0000e90d      0x40f Device_Startup/startup_samd21.o
 .debug_macro   0x0000ed1c       0x40 Device_Startup/startup_samd21.o
 .debug_macro   0x0000ed5c      0x376 Device_Startup/startup_samd21.o
 .debug_macro   0x0000f0d2     0x17df Device_Startup/startup_samd21.o
 .debug_macro   0x000108b1       0x6d Device_Startup/startup_samd21.o
 .debug_macro   0x0001091e      0x2e9 Device_Startup/system_samd21.o
 .debug_macro   0x00010c07      0x2f6 include/GPIOcontrol_3.o
 .debug_macro   0x00010efd       0x22 include/GPIOcontrol_3.o
 .debug_macro   0x00010f1f      0x43c main.o
 .debug_macro   0x0001135b      0x16d main.o
 .debug_macro   0x000114c8      0x106 main.o
 .debug_macro   0x000115ce      0x15a main.o
 .debug_macro   0x00011728       0xa6 main.o
 .debug_macro   0x000117ce       0x10 main.o
 .debug_macro   0x000117de       0x1f main.o
 .debug_macro   0x000117fd      0x486 main.o
 .debug_macro   0x00011c83       0x1c main.o
 .debug_macro   0x00011c9f       0x1c main.o
 .debug_macro   0x00011cbb      0x617 main.o
 .debug_macro   0x000122d2       0x58 main.o
 .debug_macro   0x0001232a       0x16 main.o
 .debug_macro   0x00012340       0x58 main.o
 .debug_macro   0x00012398       0x35 main.o
 .debug_macro   0x000123cd       0x9c main.o
 .debug_macro   0x00012469       0x58 main.o
 .debug_macro   0x000124c1       0x1f main.o
 .debug_macro   0x000124e0       0x43 main.o
 .debug_macro   0x00012523       0x20 main.o
 .debug_macro   0x00012543      0x187 main.o
 .debug_macro   0x000126ca      0x353 main.o
 .debug_macro   0x00012a1d      0x1e1 main.o
 .debug_macro   0x00012bfe       0x86 main.o
 .debug_macro   0x00012c84       0x7e main.o
 .debug_macro   0x00012d02      0x2ff mcp_can.o
 .debug_macro   0x00013001      0x1a8 source/heap_2.o
 .debug_macro   0x000131a9      0x17b source/list.o
 .debug_macro   0x00013324      0x2fb source/myprintf.o
 .debug_macro   0x0001361f      0x124 source/port.o
 .debug_macro   0x00013743      0x1f7 source/queue.o
 .debug_macro   0x0001393a       0x16 source/queue.o
 .debug_macro   0x00013950       0x35 source/queue.o
 .debug_macro   0x00013985      0x31d source/tasks.o
 .debug_macro   0x00013ca2       0x10 source/tasks.o
 .debug_macro   0x00013cb2       0x1c source/tasks.o
 .debug_macro   0x00013cce       0x10 source/tasks.o
 .debug_macro   0x00013cde       0x10 source/tasks.o
 .debug_macro   0x00013cee       0x1c source/tasks.o
 .debug_macro   0x00013d0a       0x52 source/tasks.o
 .debug_macro   0x00013d5c       0x40 source/tasks.o
 .debug_macro   0x00013d9c       0x10 source/tasks.o
 .debug_macro   0x00013dac       0x40 source/tasks.o
 .debug_macro   0x00013dec       0xd7 source/tasks.o
 .debug_macro   0x00013ec3       0x16 source/tasks.o
 .debug_macro   0x00013ed9      0x18b source/tasks.o
 .debug_macro   0x00014064      0x1be source/timers.o
 .debug_macro   0x00014222      0x2ec source/uart.o
 .debug_macro   0x0001450e      0x2ec spi.o

.debug_line     0x00000000     0x6b26
 .debug_line    0x00000000      0x6d6 Device_Startup/startup_samd21.o
 .debug_line    0x000006d6      0x6c1 Device_Startup/system_samd21.o
 .debug_line    0x00000d97      0x701 include/GPIOcontrol_3.o
 .debug_line    0x00001498      0x923 main.o
 .debug_line    0x00001dbb      0xb2f mcp_can.o
 .debug_line    0x000028ea      0x407 source/heap_2.o
 .debug_line    0x00002cf1      0x3d9 source/list.o
 .debug_line    0x000030ca      0x8c4 source/myprintf.o
 .debug_line    0x0000398e      0x3fa source/port.o
 .debug_line    0x00003d88      0xadd source/queue.o
 .debug_line    0x00004865      0xf02 source/tasks.o
 .debug_line    0x00005767      0x5ab source/timers.o
 .debug_line    0x00005d12      0x6d6 source/uart.o
 .debug_line    0x000063e8      0x73e spi.o

.debug_str      0x00000000    0x7c3aa
 .debug_str     0x00000000    0x6d965 Device_Startup/startup_samd21.o
                              0x6dd9f (size before relaxing)
 .debug_str     0x0006d965       0x5c Device_Startup/system_samd21.o
                              0x6cc31 (size before relaxing)
 .debug_str     0x0006d9c1      0x214 include/GPIOcontrol_3.o
                              0x6ce29 (size before relaxing)
 .debug_str     0x0006dbd5     0x8dad main.o
                              0x75dd4 (size before relaxing)
 .debug_str     0x00076982      0x2e6 mcp_can.o
                              0x6e191 (size before relaxing)
 .debug_str     0x00076c68     0x11f9 source/heap_2.o
                               0x9f79 (size before relaxing)
 .debug_str     0x00077e61      0x128 source/list.o
                               0x9730 (size before relaxing)
 .debug_str     0x00077f89      0x688 source/myprintf.o
                              0x6d52d (size before relaxing)
 .debug_str     0x00078611      0x3fe source/port.o
                               0x7264 (size before relaxing)
 .debug_str     0x00078a0f      0x9cb source/queue.o
                               0xaf1f (size before relaxing)
 .debug_str     0x000793da     0x2b47 source/tasks.o
                               0xcc78 (size before relaxing)
 .debug_str     0x0007bf21      0x447 source/timers.o
                               0xb1e1 (size before relaxing)
 .debug_str     0x0007c368       0x1c source/uart.o
                              0x6d74f (size before relaxing)
 .debug_str     0x0007c384       0x26 spi.o
                              0x6d773 (size before relaxing)

.debug_frame    0x00000000     0x18e4
 .debug_frame   0x00000000       0x40 Device_Startup/startup_samd21.o
 .debug_frame   0x00000040       0x30 Device_Startup/system_samd21.o
 .debug_frame   0x00000070       0x50 include/GPIOcontrol_3.o
 .debug_frame   0x000000c0       0xd4 main.o
 .debug_frame   0x00000194      0x374 mcp_can.o
 .debug_frame   0x00000508       0x68 source/heap_2.o
 .debug_frame   0x00000570       0x6c source/list.o
 .debug_frame   0x000005dc      0x130 source/myprintf.o
 .debug_frame   0x0000070c       0xfc source/port.o
 .debug_frame   0x00000808      0x3d0 source/queue.o
 .debug_frame   0x00000bd8      0x578 source/tasks.o
 .debug_frame   0x00001150      0x19c source/timers.o
 .debug_frame   0x000012ec       0x20 source/uart.o
 .debug_frame   0x0000130c       0x58 spi.o
 .debug_frame   0x00001364       0x38 c:/program files (x86)/atmel/studio/7.0/toolchain/arm/arm-gnu-toolchain/bin/../lib/gcc/arm-none-eabi/6.3.1/../../../../arm-none-eabi/lib/thumb/v6-m\libm.a(lib_a-w_log.o)
 .debug_frame   0x0000139c       0x3c c:/program files (x86)/atmel/studio/7.0/toolchain/arm/arm-gnu-toolchain/bin/../lib/gcc/arm-none-eabi/6.3.1/../../../../arm-none-eabi/lib/thumb/v6-m\libm.a(lib_a-e_log.o)
 .debug_frame   0x000013d8       0x20 c:/program files (x86)/atmel/studio/7.0/toolchain/arm/arm-gnu-toolchain/bin/../lib/gcc/arm-none-eabi/6.3.1/../../../../arm-none-eabi/lib/thumb/v6-m\libm.a(lib_a-s_matherr.o)
 .debug_frame   0x000013f8       0x20 c:/program files (x86)/atmel/studio/7.0/toolchain/arm/arm-gnu-toolchain/bin/../lib/gcc/arm-none-eabi/6.3.1/../../../../arm-none-eabi/lib/thumb/v6-m\libm.a(lib_a-s_nan.o)
 .debug_frame   0x00001418       0x20 c:/program files (x86)/atmel/studio/7.0/toolchain/arm/arm-gnu-toolchain/bin/../lib/gcc/arm-none-eabi/6.3.1/thumb/v6-m\libgcc.a(_udivsi3.o)
 .debug_frame   0x00001438       0x2c c:/program files (x86)/atmel/studio/7.0/toolchain/arm/arm-gnu-toolchain/bin/../lib/gcc/arm-none-eabi/6.3.1/thumb/v6-m\libgcc.a(_fixunsdfsi.o)
 .debug_frame   0x00001464       0x3c c:/program files (x86)/atmel/studio/7.0/toolchain/arm/arm-gnu-toolchain/bin/../lib/gcc/arm-none-eabi/6.3.1/thumb/v6-m\libgcc.a(adddf3.o)
 .debug_frame   0x000014a0       0x3c c:/program files (x86)/atmel/studio/7.0/toolchain/arm/arm-gnu-toolchain/bin/../lib/gcc/arm-none-eabi/6.3.1/thumb/v6-m\libgcc.a(divdf3.o)
 .debug_frame   0x000014dc       0x38 c:/program files (x86)/atmel/studio/7.0/toolchain/arm/arm-gnu-toolchain/bin/../lib/gcc/arm-none-eabi/6.3.1/thumb/v6-m\libgcc.a(eqdf2.o)
 .debug_frame   0x00001514       0x38 c:/program files (x86)/atmel/studio/7.0/toolchain/arm/arm-gnu-toolchain/bin/../lib/gcc/arm-none-eabi/6.3.1/thumb/v6-m\libgcc.a(gedf2.o)
 .debug_frame   0x0000154c       0x38 c:/program files (x86)/atmel/studio/7.0/toolchain/arm/arm-gnu-toolchain/bin/../lib/gcc/arm-none-eabi/6.3.1/thumb/v6-m\libgcc.a(ledf2.o)
 .debug_frame   0x00001584       0x3c c:/program files (x86)/atmel/studio/7.0/toolchain/arm/arm-gnu-toolchain/bin/../lib/gcc/arm-none-eabi/6.3.1/thumb/v6-m\libgcc.a(muldf3.o)
 .debug_frame   0x000015c0       0x38 c:/program files (x86)/atmel/studio/7.0/toolchain/arm/arm-gnu-toolchain/bin/../lib/gcc/arm-none-eabi/6.3.1/thumb/v6-m\libgcc.a(subdf3.o)
 .debug_frame   0x000015f8       0x2c c:/program files (x86)/atmel/studio/7.0/toolchain/arm/arm-gnu-toolchain/bin/../lib/gcc/arm-none-eabi/6.3.1/thumb/v6-m\libgcc.a(unorddf2.o)
 .debug_frame   0x00001624       0x2c c:/program files (x86)/atmel/studio/7.0/toolchain/arm/arm-gnu-toolchain/bin/../lib/gcc/arm-none-eabi/6.3.1/thumb/v6-m\libgcc.a(fixdfsi.o)
 .debug_frame   0x00001650       0x2c c:/program files (x86)/atmel/studio/7.0/toolchain/arm/arm-gnu-toolchain/bin/../lib/gcc/arm-none-eabi/6.3.1/thumb/v6-m\libgcc.a(floatsidf.o)
 .debug_frame   0x0000167c       0x28 c:/program files (x86)/atmel/studio/7.0/toolchain/arm/arm-gnu-toolchain/bin/../lib/gcc/arm-none-eabi/6.3.1/thumb/v6-m\libgcc.a(floatunsidf.o)
 .debug_frame   0x000016a4       0x20 c:/program files (x86)/atmel/studio/7.0/toolchain/arm/arm-gnu-toolchain/bin/../lib/gcc/arm-none-eabi/6.3.1/../../../../arm-none-eabi/lib/thumb/v6-m\libc.a(lib_a-errno.o)
 .debug_frame   0x000016c4       0x2c c:/program files (x86)/atmel/studio/7.0/toolchain/arm/arm-gnu-toolchain/bin/../lib/gcc/arm-none-eabi/6.3.1/../../../../arm-none-eabi/lib/thumb/v6-m\libc.a(lib_a-init.o)
 .debug_frame   0x000016f0       0x30 c:/program files (x86)/atmel/studio/7.0/toolchain/arm/arm-gnu-toolchain/bin/../lib/gcc/arm-none-eabi/6.3.1/../../../../arm-none-eabi/lib/thumb/v6-m\libc.a(lib_a-memcpy-stub.o)
 .debug_frame   0x00001720       0x30 c:/program files (x86)/atmel/studio/7.0/toolchain/arm/arm-gnu-toolchain/bin/../lib/gcc/arm-none-eabi/6.3.1/../../../../arm-none-eabi/lib/thumb/v6-m\libc.a(lib_a-memset.o)
 .debug_frame   0x00001750       0x54 c:/program files (x86)/atmel/studio/7.0/toolchain/arm/arm-gnu-toolchain/bin/../lib/gcc/arm-none-eabi/6.3.1/../../../../arm-none-eabi/lib/thumb/v6-m\libc.a(lib_a-__call_atexit.o)
 .debug_frame   0x000017a4       0x28 c:/program files (x86)/atmel/studio/7.0/toolchain/arm/arm-gnu-toolchain/bin/../lib/gcc/arm-none-eabi/6.3.1/../../../../arm-none-eabi/lib/thumb/v6-m\libc.a(lib_a-atexit.o)
 .debug_frame   0x000017cc       0x2c c:/program files (x86)/atmel/studio/7.0/toolchain/arm/arm-gnu-toolchain/bin/../lib/gcc/arm-none-eabi/6.3.1/../../../../arm-none-eabi/lib/thumb/v6-m\libc.a(lib_a-fini.o)
 .debug_frame   0x000017f8       0xb0 c:/program files (x86)/atmel/studio/7.0/toolchain/arm/arm-gnu-toolchain/bin/../lib/gcc/arm-none-eabi/6.3.1/../../../../arm-none-eabi/lib/thumb/v6-m\libc.a(lib_a-lock.o)
 .debug_frame   0x000018a8       0x3c c:/program files (x86)/atmel/studio/7.0/toolchain/arm/arm-gnu-toolchain/bin/../lib/gcc/arm-none-eabi/6.3.1/../../../../arm-none-eabi/lib/thumb/v6-m\libc.a(lib_a-__atexit.o)
